<html>
<body>
<pre>
<h1>µVision Build Log</h1>
<h2>Project:</h2>
E:\v24ce9p1\Project\NodeD\NodeD.uvproj
Project File Date:  11/06/2025

<h2>Output:</h2>
Build Project 'NodeD' - Target 'Target 1'
compiling Main.c...
E:\v24ce9p1\Project\NodeD\Delay.h(35): warning:  #1-D: last line of file ends without a newline
E:\v24ce9p1\Project\NodeD\Delay.h:   #endif  // __DELAY_H__
E:\v24ce9p1\Project\NodeD\Delay.h:                         ^
E:\v24ce9p1\Project\NodeD\Delay.h: Main.c: 1 warning, 0 errors
linking...
Program Size: Code=3584 RO-data=56 RW-data=0 ZI-data=1256  
"NodeD.axf" - 0 Error(s), 1 Warning(s).
Build Project 'NodeD' - Target 'Target 1'
linking...
Program Size: Code=3584 RO-data=56 RW-data=0 ZI-data=1256  
"NodeD.axf" - 0 Error(s), 0 Warning(s).
Build Project 'NodeD' - Target 'Target 1'
linking...
Program Size: Code=3584 RO-data=56 RW-data=0 ZI-data=1256  
"NodeD.axf" - 0 Error(s), 0 Warning(s).
Build Project 'NodeD' - Target 'Target 1'
linking...
Program Size: Code=3584 RO-data=56 RW-data=0 ZI-data=1256  
"NodeD.axf" - 0 Error(s), 0 Warning(s).
