Build Project 'NodeB' - Target 'Target 1'
assembling Startup.s...
compiling Main.c...
E:\v24ce9p1\Project\NodeB\Main.c(223): warning:  #1-D: last line of file ends without a newline
E:\v24ce9p1\Project\NodeB\Main.c:   }
E:\v24ce9p1\Project\NodeB\Main.c:    ^
E:\v24ce9p1\Project\NodeB\Main.c: Main.c: 1 warning, 0 errors
linking...
Program Size: Code=5692 RO-data=72 RW-data=12 ZI-data=1260  
FromELF: creating hex file...
"NodeB.axf" - 0 Error(s), 1 Warning(s).
Build Project 'NodeB' - Target 'Target 1'
assembling Startup.s...
compiling Main.c...
E:\v24ce9p1\Project\NodeB\Main.c(223): warning:  #1-D: last line of file ends without a newline
E:\v24ce9p1\Project\NodeB\Main.c:   }
E:\v24ce9p1\Project\NodeB\Main.c:    ^
E:\v24ce9p1\Project\NodeB\Main.c: Main.c: 1 warning, 0 errors
linking...
Program Size: Code=5692 RO-data=72 RW-data=12 ZI-data=1260  
FromELF: creating hex file...
"NodeB.axf" - 0 Error(s), 1 Warning(s).
Build Project 'NodeB' - Target 'Target 1'
assembling Startup.s...
compiling Main.c...
E:\v24ce9p1\Project\NodeB\Main.c(223): warning:  #1-D: last line of file ends without a newline
E:\v24ce9p1\Project\NodeB\Main.c:   }
E:\v24ce9p1\Project\NodeB\Main.c:    ^
E:\v24ce9p1\Project\NodeB\Main.c: Main.c: 1 warning, 0 errors
linking...
Program Size: Code=5692 RO-data=72 RW-data=12 ZI-data=1260  
FromELF: creating hex file...
"NodeB.axf" - 0 Error(s), 1 Warning(s).
Build Project 'NodeB' - Target 'Target 1'
linking...
Program Size: Code=5692 RO-data=72 RW-data=12 ZI-data=1260  
FromELF: creating hex file...
"NodeB.axf" - 0 Error(s), 0 Warning(s).
Build Project 'NodeB' - Target 'Target 1'
linking...
Program Size: Code=5692 RO-data=72 RW-data=12 ZI-data=1260  
FromELF: creating hex file...
"NodeB.axf" - 0 Error(s), 0 Warning(s).
