ARM Linker, 4.1 [Build 481] [Evaluation]

==============================================================================

Section Cross References

    startup.o(STACK) refers (Special) to heapauxi.o(.text) for __use_two_region_memory
    startup.o(HEAP) refers (Special) to heapauxi.o(.text) for __use_two_region_memory
    startup.o(RESET) refers (Special) to heapauxi.o(.text) for __use_two_region_memory
    startup.o(RESET) refers to startup.o(STACK) for Stack_Top
    startup.o(RESET) refers to __main.o(!!!main) for __main
    startup.o(.text) refers (Special) to heapauxi.o(.text) for __use_two_region_memory
    startup.o(.text) refers to startup.o(HEAP) for Heap_Mem
    startup.o(.text) refers to startup.o(STACK) for Stack_Mem
    main.o(.text) refers to _printf_percent.o(.ARM.Collect$$_printf_percent$$00000000) for _printf_percent
    main.o(.text) refers to _printf_d.o(.ARM.Collect$$_printf_percent$$00000009) for _printf_d
    main.o(.text) refers to _printf_dec.o(.text) for _printf_int_dec
    main.o(.text) refers to _printf_x.o(.ARM.Collect$$_printf_percent$$0000000C) for _printf_x
    main.o(.text) refers to _printf_hex_int.o(.text) for _printf_longlong_hex
    main.o(.text) refers to noretval__2sprintf.o(.text) for __2sprintf
    main.o(.text) refers to ffix.o(x$fpl$ffix) for __aeabi_f2iz
    main.o(.text) refers to fflt_noclz.o(x$fpl$fflt) for __aeabi_i2f
    main.o(.text) refers to faddsub_noclz.o(x$fpl$frsb) for __aeabi_frsub
    main.o(.text) refers to fmul.o(x$fpl$fmul) for __aeabi_fmul
    main.o(.text) refers to dflt_noclz.o(x$fpl$dflt) for __aeabi_i2d
    main.o(.text) refers to dmul.o(x$fpl$dmul) for __aeabi_dmul
    main.o(.text) refers to ddiv.o(x$fpl$ddiv) for __aeabi_ddiv
    main.o(.text) refers to d2f.o(x$fpl$d2f) for __aeabi_d2f
    main.o(.text) refers to ffixu.o(x$fpl$ffixu) for __aeabi_f2uiz
    main.o(.text) refers to main.o(.data) for echoTime
    __2sprintf.o(.text) refers to _printf_char_common.o(.text) for _printf_char_common
    __2sprintf.o(.text) refers to _sputc.o(.text) for _sputc
    noretval__2sprintf.o(.text) refers to _printf_char_common.o(.text) for _printf_char_common
    noretval__2sprintf.o(.text) refers to _sputc.o(.text) for _sputc
    __printf.o(.text) refers to __printf.o(i.__ARM_common_call_via_r1) for __ARM_common_call_via_r1
    __printf.o(.text) refers to _printf_percent.o(.ARM.Collect$$_printf_percent$$00000000) for _printf_percent
    __printf.o(.text) refers to __printf.o(i.__ARM_common_call_via_r2) for __ARM_common_call_via_r2
    _printf_dec.o(.text) refers to rtudiv10.o(.text) for __rt_udiv10
    _printf_dec.o(.text) refers to _printf_intcommon.o(.text) for _printf_int_common
    _printf_hex_ll.o(.text) refers to _printf_intcommon.o(.text) for _printf_int_common
    _printf_hex_ll.o(.text) refers to _printf_hex_ll.o(.constdata) for .constdata
    _printf_hex_int.o(.text) refers to _printf_intcommon.o(.text) for _printf_int_common
    _printf_hex_int.o(.text) refers to _printf_hex_int.o(.constdata) for .constdata
    _printf_hex_int_ll.o(.text) refers to _printf_intcommon.o(.text) for _printf_int_common
    _printf_hex_int_ll.o(.text) refers to _printf_hex_int_ll.o(.constdata) for .constdata
    _printf_hex_ptr.o(.text) refers to _printf_intcommon.o(.text) for _printf_int_common
    _printf_hex_ptr.o(.text) refers to _printf_hex_ptr.o(.constdata) for .constdata
    _printf_hex_int_ptr.o(.text) refers to _printf_intcommon.o(.text) for _printf_int_common
    _printf_hex_int_ptr.o(.text) refers to _printf_hex_int_ptr.o(.constdata) for .constdata
    _printf_hex_ll_ptr.o(.text) refers to _printf_intcommon.o(.text) for _printf_int_common
    _printf_hex_ll_ptr.o(.text) refers to _printf_hex_ll_ptr.o(.constdata) for .constdata
    _printf_hex_int_ll_ptr.o(.text) refers to _printf_intcommon.o(.text) for _printf_int_common
    _printf_hex_int_ll_ptr.o(.text) refers to _printf_hex_int_ll_ptr.o(.constdata) for .constdata
    __printf_flags.o(.text) refers to __printf.o(i.__ARM_common_call_via_r1) for __ARM_common_call_via_r1
    __printf_flags.o(.text) refers to _printf_percent.o(.ARM.Collect$$_printf_percent$$00000000) for _printf_percent
    __printf_flags.o(.text) refers to __printf.o(i.__ARM_common_call_via_r2) for __ARM_common_call_via_r2
    __printf_flags.o(.text) refers to __printf_flags.o(.constdata) for .constdata
    __printf_ss.o(.text) refers to __printf.o(i.__ARM_common_call_via_r1) for __ARM_common_call_via_r1
    __printf_ss.o(.text) refers to _printf_percent.o(.ARM.Collect$$_printf_percent$$00000000) for _printf_percent
    __printf_ss.o(.text) refers to __printf.o(i.__ARM_common_call_via_r2) for __ARM_common_call_via_r2
    __printf_flags_ss.o(.text) refers to __printf.o(i.__ARM_common_call_via_r1) for __ARM_common_call_via_r1
    __printf_flags_ss.o(.text) refers to _printf_percent.o(.ARM.Collect$$_printf_percent$$00000000) for _printf_percent
    __printf_flags_ss.o(.text) refers to __printf.o(i.__ARM_common_call_via_r2) for __ARM_common_call_via_r2
    __printf_flags_ss.o(.text) refers to __printf_flags_ss.o(.constdata) for .constdata
    __printf_wp.o(.text) refers to __printf.o(i.__ARM_common_call_via_r1) for __ARM_common_call_via_r1
    __printf_wp.o(.text) refers to _printf_percent.o(.ARM.Collect$$_printf_percent$$00000000) for _printf_percent
    __printf_wp.o(.text) refers to __printf.o(i.__ARM_common_call_via_r2) for __ARM_common_call_via_r2
    __printf_flags_wp.o(.text) refers to __printf.o(i.__ARM_common_call_via_r1) for __ARM_common_call_via_r1
    __printf_flags_wp.o(.text) refers to _printf_percent.o(.ARM.Collect$$_printf_percent$$00000000) for _printf_percent
    __printf_flags_wp.o(.text) refers to __printf.o(i.__ARM_common_call_via_r2) for __ARM_common_call_via_r2
    __printf_flags_wp.o(.text) refers to __printf_flags_wp.o(.constdata) for .constdata
    __printf_ss_wp.o(.text) refers to __printf.o(i.__ARM_common_call_via_r1) for __ARM_common_call_via_r1
    __printf_ss_wp.o(.text) refers to _printf_percent.o(.ARM.Collect$$_printf_percent$$00000000) for _printf_percent
    __printf_ss_wp.o(.text) refers to __printf.o(i.__ARM_common_call_via_r2) for __ARM_common_call_via_r2
    __printf_flags_ss_wp.o(.text) refers to __printf.o(i.__ARM_common_call_via_r1) for __ARM_common_call_via_r1
    __printf_flags_ss_wp.o(.text) refers to _printf_percent.o(.ARM.Collect$$_printf_percent$$00000000) for _printf_percent
    __printf_flags_ss_wp.o(.text) refers to __printf.o(i.__ARM_common_call_via_r2) for __ARM_common_call_via_r2
    __printf_flags_ss_wp.o(.text) refers to __printf_flags_ss_wp.o(.constdata) for .constdata
    _printf_x.o(.ARM.Collect$$_printf_percent$$0000000C) refers (Weak) to _printf_hex_int.o(.text) for _printf_int_hex
    _printf_d.o(.ARM.Collect$$_printf_percent$$00000009) refers (Weak) to _printf_dec.o(.text) for _printf_int_dec
    _printf_percent.o(.ARM.Collect$$_printf_percent$$00000000) refers (Special) to _printf_percent_end.o(.ARM.Collect$$_printf_percent$$00000017) for _printf_percent_end
    __main.o(!!!main) refers to rtentry.o(.ARM.Collect$$rtentry$$00000000) for __rt_entry
    d2f.o(x$fpl$d2f) refers (Special) to usenofp.o(x$fpl$usenofp) for __I$use$fp
    d2f.o(x$fpl$d2f) refers to fretinf.o(x$fpl$fretinf) for __fpl_fretinf
    d2f.o(x$fpl$d2f) refers to dnaninf.o(x$fpl$dnaninf) for __fpl_dnaninf
    ddiv.o(x$fpl$drdiv) refers (Special) to usenofp.o(x$fpl$usenofp) for __I$use$fp
    ddiv.o(x$fpl$drdiv) refers to ddiv.o(x$fpl$ddiv) for ddiv_entry
    ddiv.o(x$fpl$ddiv) refers (Special) to usenofp.o(x$fpl$usenofp) for __I$use$fp
    ddiv.o(x$fpl$ddiv) refers to dretinf.o(x$fpl$dretinf) for __fpl_dretinf
    ddiv.o(x$fpl$ddiv) refers to dnaninf.o(x$fpl$dnaninf) for __fpl_dnaninf
    dflt_noclz.o(x$fpl$dfltu) refers (Special) to usenofp.o(x$fpl$usenofp) for __I$use$fp
    dflt_noclz.o(x$fpl$dfltu) refers to dflt_noclz.o(x$fpl$dflt) for __dflt_normalise
    dflt_noclz.o(x$fpl$dflt) refers (Special) to usenofp.o(x$fpl$usenofp) for __I$use$fp
    dmul.o(x$fpl$dmul) refers (Special) to usenofp.o(x$fpl$usenofp) for __I$use$fp
    dmul.o(x$fpl$dmul) refers to dretinf.o(x$fpl$dretinf) for __fpl_dretinf
    dmul.o(x$fpl$dmul) refers to dnaninf.o(x$fpl$dnaninf) for __fpl_dnaninf
    faddsub_noclz.o(x$fpl$fadd) refers (Special) to usenofp.o(x$fpl$usenofp) for __I$use$fp
    faddsub_noclz.o(x$fpl$fadd) refers to faddsub_noclz.o(x$fpl$fsub) for _fsub1
    faddsub_noclz.o(x$fpl$fadd) refers to fretinf.o(x$fpl$fretinf) for __fpl_fretinf
    faddsub_noclz.o(x$fpl$fadd) refers to fnaninf.o(x$fpl$fnaninf) for __fpl_fnaninf
    faddsub_noclz.o(x$fpl$frsb) refers (Special) to usenofp.o(x$fpl$usenofp) for __I$use$fp
    faddsub_noclz.o(x$fpl$frsb) refers to faddsub_noclz.o(x$fpl$fadd) for _fadd1
    faddsub_noclz.o(x$fpl$frsb) refers to faddsub_noclz.o(x$fpl$fsub) for _fsub1
    faddsub_noclz.o(x$fpl$fsub) refers (Special) to usenofp.o(x$fpl$usenofp) for __I$use$fp
    faddsub_noclz.o(x$fpl$fsub) refers to faddsub_noclz.o(x$fpl$fadd) for _fadd1
    faddsub_noclz.o(x$fpl$fsub) refers to fnaninf.o(x$fpl$fnaninf) for __fpl_fnaninf
    ffix.o(x$fpl$ffix) refers (Special) to usenofp.o(x$fpl$usenofp) for __I$use$fp
    ffix.o(x$fpl$ffix) refers to fnaninf.o(x$fpl$fnaninf) for __fpl_fnaninf
    ffix.o(x$fpl$ffixr) refers (Special) to usenofp.o(x$fpl$usenofp) for __I$use$fp
    ffix.o(x$fpl$ffixr) refers to fnaninf.o(x$fpl$fnaninf) for __fpl_fnaninf
    ffixu.o(x$fpl$ffixu) refers (Special) to usenofp.o(x$fpl$usenofp) for __I$use$fp
    ffixu.o(x$fpl$ffixu) refers to fnaninf.o(x$fpl$fnaninf) for __fpl_fnaninf
    ffixu.o(x$fpl$ffixur) refers (Special) to usenofp.o(x$fpl$usenofp) for __I$use$fp
    ffixu.o(x$fpl$ffixur) refers to fnaninf.o(x$fpl$fnaninf) for __fpl_fnaninf
    fflt_noclz.o(x$fpl$ffltu) refers (Special) to usenofp.o(x$fpl$usenofp) for __I$use$fp
    fflt_noclz.o(x$fpl$ffltu) refers to fflt_noclz.o(x$fpl$fflt) for __fflt_normalise
    fflt_noclz.o(x$fpl$fflt) refers (Special) to usenofp.o(x$fpl$usenofp) for __I$use$fp
    fmul.o(x$fpl$fmul) refers (Special) to usenofp.o(x$fpl$usenofp) for __I$use$fp
    fmul.o(x$fpl$fmul) refers to fretinf.o(x$fpl$fretinf) for __fpl_fretinf
    fmul.o(x$fpl$fmul) refers to fnaninf.o(x$fpl$fnaninf) for __fpl_fnaninf
    rtentry.o(.ARM.Collect$$rtentry$$00000000) refers (Special) to rtentry2.o(.ARM.Collect$$rtentry$$0000000A) for __rt_entry_li
    rtentry.o(.ARM.Collect$$rtentry$$00000000) refers (Special) to rtentry2.o(.ARM.Collect$$rtentry$$0000000D) for __rt_entry_main
    rtentry.o(.ARM.Collect$$rtentry$$00000000) refers (Special) to rtentry2.o(.ARM.Collect$$rtentry$$0000000C) for __rt_entry_postli_1
    rtentry.o(.ARM.Collect$$rtentry$$00000000) refers (Special) to rtentry2.o(.ARM.Collect$$rtentry$$00000009) for __rt_entry_postsh_1
    rtentry.o(.ARM.Collect$$rtentry$$00000000) refers (Special) to rtentry2.o(.ARM.Collect$$rtentry$$00000002) for __rt_entry_presh_1
    rtentry.o(.ARM.Collect$$rtentry$$00000000) refers (Special) to rtentry4.o(.ARM.Collect$$rtentry$$00000004) for __rt_entry_sh
    rtentry.o(.ARM.exidx) refers (Special) to rtentry2.o(.ARM.Collect$$rtentry$$0000000A) for __rt_entry_li
    rtentry.o(.ARM.exidx) refers (Special) to rtentry2.o(.ARM.Collect$$rtentry$$0000000D) for __rt_entry_main
    rtentry.o(.ARM.exidx) refers (Special) to rtentry2.o(.ARM.Collect$$rtentry$$0000000C) for __rt_entry_postli_1
    rtentry.o(.ARM.exidx) refers (Special) to rtentry2.o(.ARM.Collect$$rtentry$$00000009) for __rt_entry_postsh_1
    rtentry.o(.ARM.exidx) refers (Special) to rtentry2.o(.ARM.Collect$$rtentry$$00000002) for __rt_entry_presh_1
    rtentry.o(.ARM.exidx) refers (Special) to rtentry4.o(.ARM.Collect$$rtentry$$00000004) for __rt_entry_sh
    rtentry.o(.ARM.exidx) refers to rtentry.o(.ARM.Collect$$rtentry$$00000000) for .ARM.Collect$$rtentry$$00000000
    _printf_intcommon.o(.text) refers to __printf.o(i.__ARM_common_call_via_r2) for __ARM_common_call_via_r2
    _printf_char_common.o(.text) refers to __printf.o(.text) for __printf
    dnaninf.o(x$fpl$dnaninf) refers (Special) to usenofp.o(x$fpl$usenofp) for __I$use$fp
    dretinf.o(x$fpl$dretinf) refers (Special) to usenofp.o(x$fpl$usenofp) for __I$use$fp
    fnaninf.o(x$fpl$fnaninf) refers (Special) to usenofp.o(x$fpl$usenofp) for __I$use$fp
    fretinf.o(x$fpl$fretinf) refers (Special) to usenofp.o(x$fpl$usenofp) for __I$use$fp
    rtentry2.o(.ARM.Collect$$rtentry$$00000008) refers to boardinit2.o(.text) for _platform_post_stackheap_init
    rtentry2.o(.ARM.Collect$$rtentry$$0000000A) refers to libinit.o(.ARM.Collect$$libinit$$00000000) for __rt_lib_init
    rtentry2.o(.ARM.Collect$$rtentry$$0000000B) refers to boardinit3.o(.text) for _platform_post_lib_init
    rtentry2.o(.ARM.Collect$$rtentry$$0000000D) refers to exit.o(.text) for exit
    rtentry2.o(.ARM.Collect$$rtentry$$0000000D) refers to main.o(.text) for main
    rtentry2.o(.ARM.exidx) refers to rtentry2.o(.ARM.Collect$$rtentry$$00000001) for .ARM.Collect$$rtentry$$00000001
    rtentry2.o(.ARM.exidx) refers to rtentry2.o(.ARM.Collect$$rtentry$$00000002) for .ARM.Collect$$rtentry$$00000002
    rtentry2.o(.ARM.exidx) refers to rtentry2.o(.ARM.Collect$$rtentry$$00000008) for .ARM.Collect$$rtentry$$00000008
    rtentry2.o(.ARM.exidx) refers to rtentry2.o(.ARM.Collect$$rtentry$$00000009) for .ARM.Collect$$rtentry$$00000009
    rtentry2.o(.ARM.exidx) refers to rtentry2.o(.ARM.Collect$$rtentry$$0000000A) for .ARM.Collect$$rtentry$$0000000A
    rtentry2.o(.ARM.exidx) refers to rtentry2.o(.ARM.Collect$$rtentry$$0000000B) for .ARM.Collect$$rtentry$$0000000B
    rtentry2.o(.ARM.exidx) refers to rtentry2.o(.ARM.Collect$$rtentry$$0000000C) for .ARM.Collect$$rtentry$$0000000C
    rtentry2.o(.ARM.exidx) refers to rtentry2.o(.ARM.Collect$$rtentry$$0000000D) for .ARM.Collect$$rtentry$$0000000D
    rtentry4.o(.ARM.Collect$$rtentry$$00000004) refers to sys_stackheap_outer.o(.text) for __user_setup_stackheap
    rtentry4.o(.ARM.exidx) refers to rtentry4.o(.ARM.Collect$$rtentry$$00000004) for .ARM.Collect$$rtentry$$00000004
    __printf_nopercent.o(.text) refers to __printf_nopercent.o(i.__ARM_common_call_via_r7) for __ARM_common_call_via_r7
    __printf_nopercent.o(.text) refers to __printf_nopercent.o(i.__ARM_common_call_via_r5) for __ARM_common_call_via_r5
    sys_stackheap_outer.o(.text) refers to libspace.o(.text) for __user_perproc_libspace
    sys_stackheap_outer.o(.text) refers to startup.o(.text) for __user_initial_stackheap
    exit.o(.text) refers to rtexit.o(.ARM.Collect$$rtexit$$00000000) for __rt_exit
    libinit.o(.ARM.Collect$$libinit$$00000000) refers (Special) to libinit2.o(.ARM.Collect$$libinit$$0000002A) for __rt_lib_init_alloca_1
    libinit.o(.ARM.Collect$$libinit$$00000000) refers (Special) to libinit2.o(.ARM.Collect$$libinit$$00000028) for __rt_lib_init_argv_1
    libinit.o(.ARM.Collect$$libinit$$00000000) refers (Special) to libinit2.o(.ARM.Collect$$libinit$$00000017) for __rt_lib_init_atexit_1
    libinit.o(.ARM.Collect$$libinit$$00000000) refers (Special) to libinit2.o(.ARM.Collect$$libinit$$0000001D) for __rt_lib_init_clock_1
    libinit.o(.ARM.Collect$$libinit$$00000000) refers (Special) to libinit2.o(.ARM.Collect$$libinit$$0000002E) for __rt_lib_init_cpp_1
    libinit.o(.ARM.Collect$$libinit$$00000000) refers (Special) to libinit2.o(.ARM.Collect$$libinit$$0000002C) for __rt_lib_init_exceptions_1
    libinit.o(.ARM.Collect$$libinit$$00000000) refers (Special) to libinit2.o(.ARM.Collect$$libinit$$0000001B) for __rt_lib_init_fp_trap_1
    libinit.o(.ARM.Collect$$libinit$$00000000) refers (Special) to libinit2.o(.ARM.Collect$$libinit$$0000001F) for __rt_lib_init_getenv_1
    libinit.o(.ARM.Collect$$libinit$$00000000) refers (Special) to libinit2.o(.ARM.Collect$$libinit$$00000006) for __rt_lib_init_heap_1
    libinit.o(.ARM.Collect$$libinit$$00000000) refers (Special) to libinit2.o(.ARM.Collect$$libinit$$0000000D) for __rt_lib_init_lc_collate_1
    libinit.o(.ARM.Collect$$libinit$$00000000) refers (Special) to libinit2.o(.ARM.Collect$$libinit$$0000000F) for __rt_lib_init_lc_ctype_1
    libinit.o(.ARM.Collect$$libinit$$00000000) refers (Special) to libinit2.o(.ARM.Collect$$libinit$$00000011) for __rt_lib_init_lc_monetary_1
    libinit.o(.ARM.Collect$$libinit$$00000000) refers (Special) to libinit2.o(.ARM.Collect$$libinit$$00000013) for __rt_lib_init_lc_numeric_1
    libinit.o(.ARM.Collect$$libinit$$00000000) refers (Special) to libinit2.o(.ARM.Collect$$libinit$$00000015) for __rt_lib_init_lc_time_1
    libinit.o(.ARM.Collect$$libinit$$00000000) refers (Special) to libinit2.o(.ARM.Collect$$libinit$$0000000A) for __rt_lib_init_rand_1
    libinit.o(.ARM.Collect$$libinit$$00000000) refers (Special) to libinit2.o(.ARM.Collect$$libinit$$0000002F) for __rt_lib_init_return
    libinit.o(.ARM.Collect$$libinit$$00000000) refers (Special) to libinit2.o(.ARM.Collect$$libinit$$00000019) for __rt_lib_init_signal_1
    libinit.o(.ARM.Collect$$libinit$$00000000) refers (Special) to libinit2.o(.ARM.Collect$$libinit$$00000021) for __rt_lib_init_stdio_1
    libinit.o(.ARM.Collect$$libinit$$00000000) refers (Special) to libinit2.o(.ARM.Collect$$libinit$$00000008) for __rt_lib_init_user_alloc_1
    libinit.o(.ARM.Collect$$libinit$$00000000) refers to fpinit.o(x$fpl$fpinit) for _fp_init
    libspace.o(.text) refers to libspace.o(.bss) for __libspace_start
    rtexit.o(.ARM.Collect$$rtexit$$00000000) refers (Special) to rtexit2.o(.ARM.Collect$$rtexit$$00000004) for __rt_exit_exit
    rtexit.o(.ARM.Collect$$rtexit$$00000000) refers (Special) to rtexit2.o(.ARM.Collect$$rtexit$$00000003) for __rt_exit_ls
    rtexit.o(.ARM.Collect$$rtexit$$00000000) refers (Special) to rtexit2.o(.ARM.Collect$$rtexit$$00000002) for __rt_exit_prels_1
    rtexit.o(.ARM.exidx) refers (Special) to rtexit2.o(.ARM.Collect$$rtexit$$00000004) for __rt_exit_exit
    rtexit.o(.ARM.exidx) refers (Special) to rtexit2.o(.ARM.Collect$$rtexit$$00000003) for __rt_exit_ls
    rtexit.o(.ARM.exidx) refers (Special) to rtexit2.o(.ARM.Collect$$rtexit$$00000002) for __rt_exit_prels_1
    rtexit.o(.ARM.exidx) refers to rtexit.o(.ARM.Collect$$rtexit$$00000000) for .ARM.Collect$$rtexit$$00000000
    libinit2.o(.ARM.Collect$$libinit$$0000000C) refers to libinit2.o(.ARM.Collect$$libinit$$0000000B) for .ARM.Collect$$libinit$$0000000B
    libinit2.o(.ARM.Collect$$libinit$$0000000E) refers to libinit2.o(.ARM.Collect$$libinit$$0000000B) for .ARM.Collect$$libinit$$0000000B
    libinit2.o(.ARM.Collect$$libinit$$00000010) refers to libinit2.o(.ARM.Collect$$libinit$$0000000B) for .ARM.Collect$$libinit$$0000000B
    libinit2.o(.ARM.Collect$$libinit$$00000012) refers to libinit2.o(.ARM.Collect$$libinit$$0000000B) for .ARM.Collect$$libinit$$0000000B
    libinit2.o(.ARM.Collect$$libinit$$00000014) refers to libinit2.o(.ARM.Collect$$libinit$$0000000B) for .ARM.Collect$$libinit$$0000000B
    libinit2.o(.ARM.Collect$$libinit$$00000022) refers to argv_veneer.o(.emb_text) for __ARM_argv_veneer
    libinit2.o(.ARM.Collect$$libinit$$00000023) refers to argv_veneer.o(.emb_text) for __ARM_argv_veneer
    fpinit.o(x$fpl$fpinit) refers to rt_fp_status_addr_intlibspace.o(.text) for __rt_fp_status_addr
    rtexit2.o(.ARM.Collect$$rtexit$$00000003) refers to libshutdown.o(.ARM.Collect$$libshutdown$$00000000) for __rt_lib_shutdown
    rtexit2.o(.ARM.Collect$$rtexit$$00000004) refers to sys_exit.o(.text) for _sys_exit
    rtexit2.o(.ARM.exidx) refers to rtexit2.o(.ARM.Collect$$rtexit$$00000001) for .ARM.Collect$$rtexit$$00000001
    rtexit2.o(.ARM.exidx) refers to rtexit2.o(.ARM.Collect$$rtexit$$00000002) for .ARM.Collect$$rtexit$$00000002
    rtexit2.o(.ARM.exidx) refers to rtexit2.o(.ARM.Collect$$rtexit$$00000003) for .ARM.Collect$$rtexit$$00000003
    rtexit2.o(.ARM.exidx) refers to rtexit2.o(.ARM.Collect$$rtexit$$00000004) for .ARM.Collect$$rtexit$$00000004
    rt_fp_status_addr.o(.text) refers to rt_fp_status_addr.o(.bss) for __rt_fp_status_addr_data
    rt_fp_status_addr_intlibspace.o(.text) refers to libspace.o(.bss) for __libspace_start
    argv_veneer.o(.emb_text) refers to no_argv.o(.text) for __ARM_get_argv
    sys_exit.o(.text) refers (Special) to use_no_semi.o(.text) for __I$use$semihosting
    _get_argv_nomalloc.o(.text) refers (Special) to hrguard.o(.text) for __heap_region$guard
    _get_argv_nomalloc.o(.text) refers to defsig_rtmem_outer.o(.text) for __rt_SIGRTMEM
    _get_argv_nomalloc.o(.text) refers to sys_command.o(.text) for _sys_command_string
    libshutdown.o(.ARM.Collect$$libshutdown$$00000000) refers (Special) to libshutdown2.o(.ARM.Collect$$libshutdown$$00000006) for __rt_lib_shutdown_fp_trap_1
    libshutdown.o(.ARM.Collect$$libshutdown$$00000000) refers (Special) to libshutdown2.o(.ARM.Collect$$libshutdown$$0000000E) for __rt_lib_shutdown_heap_1
    libshutdown.o(.ARM.Collect$$libshutdown$$00000000) refers (Special) to libshutdown2.o(.ARM.Collect$$libshutdown$$0000000F) for __rt_lib_shutdown_return
    libshutdown.o(.ARM.Collect$$libshutdown$$00000000) refers (Special) to libshutdown2.o(.ARM.Collect$$libshutdown$$00000009) for __rt_lib_shutdown_signal_1
    libshutdown.o(.ARM.Collect$$libshutdown$$00000000) refers (Special) to libshutdown2.o(.ARM.Collect$$libshutdown$$00000003) for __rt_lib_shutdown_stdio_1
    libshutdown.o(.ARM.Collect$$libshutdown$$00000000) refers (Special) to libshutdown2.o(.ARM.Collect$$libshutdown$$0000000B) for __rt_lib_shutdown_user_alloc_1
    sys_command.o(.text) refers (Special) to use_no_semi.o(.text) for __I$use$semihosting
    defsig_rtmem_outer.o(.text) refers to defsig_rtmem_inner.o(.text) for __rt_SIGRTMEM_inner
    defsig_rtmem_outer.o(.text) refers to defsig_exit.o(.text) for __sig_exit
    defsig_rtmem_formal.o(.text) refers to rt_raise.o(.text) for __rt_raise
    rt_raise.o(.text) refers to __raise.o(.text) for __raise
    rt_raise.o(.text) refers to sys_exit.o(.text) for _sys_exit
    defsig_exit.o(.text) refers to sys_exit.o(.text) for _sys_exit
    defsig_rtmem_inner.o(.text) refers to defsig_general.o(.text) for __default_signal_display
    __raise.o(.text) refers to __printf.o(i.__ARM_common_call_via_r2) for __ARM_common_call_via_r2
    __raise.o(.text) refers to defsig.o(CL$$defsig) for __default_signal_handler
    defsig_general.o(.text) refers to sys_wrch.o(.text) for _ttywrch
    sys_wrch.o(.text) refers (Special) to use_no_semi.o(.text) for __I$use$semihosting
    defsig.o(CL$$defsig) refers to defsig_rtmem_inner.o(.text) for __rt_SIGRTMEM_inner
    defsig_abrt_inner.o(.text) refers to defsig_general.o(.text) for __default_signal_display
    defsig_fpe_inner.o(.text) refers to defsig_general.o(.text) for __default_signal_display
    defsig_rtred_inner.o(.text) refers to defsig_general.o(.text) for __default_signal_display
    defsig_stak_inner.o(.text) refers to defsig_general.o(.text) for __default_signal_display
    defsig_pvfn_inner.o(.text) refers to defsig_general.o(.text) for __default_signal_display
    defsig_cppl_inner.o(.text) refers to defsig_general.o(.text) for __default_signal_display
    defsig_segv_inner.o(.text) refers to defsig_general.o(.text) for __default_signal_display
    defsig_other.o(.text) refers to defsig_general.o(.text) for __default_signal_display


==============================================================================

Adding Veneers to the image

    Adding TA veneer (4 bytes, Inline) for call to '_printf_percent' from __printf.o(.text).
    Adding AT veneer (8 bytes, Inline) for call to '__rt_lib_init' from rtentry2.o(.ARM.Collect$$rtentry$$0000000A).
    Adding AT veneer (8 bytes, Inline) for call to '__rt_lib_shutdown' from rtexit2.o(.ARM.Collect$$rtexit$$00000003).
    Adding TA veneer (4 bytes, Inline) for call to '__rt_exit' from exit.o(.text).
    Adding AT veneer (8 bytes, Inline) for call to '__2sprintf' from main.o(.text).
    Adding AT veneer (8 bytes, Inline) for call to '_printf_int_dec' from _printf_d.o(.ARM.Collect$$_printf_percent$$00000009).
    Adding AT veneer (8 bytes, Inline) for call to '_printf_int_hex' from _printf_x.o(.ARM.Collect$$_printf_percent$$0000000C).
    Adding TA veneer (4 bytes, Inline) for call to '__rt_udiv10' from _printf_dec.o(.text).
    Adding AT veneer (8 bytes, Inline) for call to '_sys_exit' from rtexit2.o(.ARM.Collect$$rtexit$$00000004).
    Adding TA veneer (4 bytes, Inline) for call to '_fp_init' from libinit.o(.ARM.Collect$$libinit$$00000000).

10 Veneer(s) (total 64 bytes) added to the image.

==============================================================================

Image Symbol Table

    Local Symbols

    Symbol Name                              Value     Ov Type        Size  Object(Section)

    RESET                                    0x00000000   Section      272  startup.o(RESET)
    ../../angel/boardlib.s                   0x00000000   Number         0  boardshut.o ABSOLUTE
    ../../angel/boardlib.s                   0x00000000   Number         0  boardinit1.o ABSOLUTE
    ../../angel/boardlib.s                   0x00000000   Number         0  boardinit2.o ABSOLUTE
    ../../angel/boardlib.s                   0x00000000   Number         0  boardinit3.o ABSOLUTE
    ../../angel/handlers.s                   0x00000000   Number         0  __scatter_copy.o ABSOLUTE
    ../../angel/handlers.s                   0x00000000   Number         0  __scatter_zi.o ABSOLUTE
    ../../angel/kernel.s                     0x00000000   Number         0  rtexit.o ABSOLUTE
    ../../angel/kernel.s                     0x00000000   Number         0  rtexit2.o ABSOLUTE
    ../../angel/kernel.s                     0x00000000   Number         0  rtentry.o ABSOLUTE
    ../../angel/kernel.s                     0x00000000   Number         0  rtentry2.o ABSOLUTE
    ../../angel/kernel.s                     0x00000000   Number         0  rtentry4.o ABSOLUTE
    ../../angel/rt.s                         0x00000000   Number         0  rt_fp_status_addr.o ABSOLUTE
    ../../angel/rt.s                         0x00000000   Number         0  rt_fp_status_addr_intlibspace.o ABSOLUTE
    ../../angel/rt.s                         0x00000000   Number         0  rt_raise.o ABSOLUTE
    ../../angel/scatter.s                    0x00000000   Number         0  __scatter.o ABSOLUTE
    ../../angel/startup.s                    0x00000000   Number         0  __main.o ABSOLUTE
    ../../angel/sys.s                        0x00000000   Number         0  libspace.o ABSOLUTE
    ../../angel/sys.s                        0x00000000   Number         0  use_no_semi.o ABSOLUTE
    ../../angel/sys.s                        0x00000000   Number         0  sys_stackheap_outer.o ABSOLUTE
    ../../angel/sysapp.c                     0x00000000   Number         0  sys_exit.o ABSOLUTE
    ../../angel/sysapp.c                     0x00000000   Number         0  sys_wrch.o ABSOLUTE
    ../../angel/sysapp.c                     0x00000000   Number         0  sys_command.o ABSOLUTE
    ../../armsys.c                           0x00000000   Number         0  argv_veneer.o ABSOLUTE
    ../../armsys.c                           0x00000000   Number         0  argv_veneer.o ABSOLUTE
    ../../armsys.c                           0x00000000   Number         0  no_argv.o ABSOLUTE
    ../../armsys.c                           0x00000000   Number         0  _get_argv_nomalloc.o ABSOLUTE
    ../../d2f.s                              0x00000000   Number         0  d2f.o ABSOLUTE
    ../../ddiv.s                             0x00000000   Number         0  ddiv.o ABSOLUTE
    ../../dflt.s                             0x00000000   Number         0  dflt_noclz.o ABSOLUTE
    ../../division.s                         0x00000000   Number         0  rtudiv10.o ABSOLUTE
    ../../dmul.s                             0x00000000   Number         0  dmul.o ABSOLUTE
    ../../dnaninf.s                          0x00000000   Number         0  dnaninf.o ABSOLUTE
    ../../dretinf.s                          0x00000000   Number         0  dretinf.o ABSOLUTE
    ../../faddsub.s                          0x00000000   Number         0  faddsub_noclz.o ABSOLUTE
    ../../ffix.s                             0x00000000   Number         0  ffix.o ABSOLUTE
    ../../ffixu.s                            0x00000000   Number         0  ffixu.o ABSOLUTE
    ../../fflt.s                             0x00000000   Number         0  fflt_noclz.o ABSOLUTE
    ../../fmul.s                             0x00000000   Number         0  fmul.o ABSOLUTE
    ../../fnaninf.s                          0x00000000   Number         0  fnaninf.o ABSOLUTE
    ../../fpinit.s                           0x00000000   Number         0  fpinit.o ABSOLUTE
    ../../fretinf.s                          0x00000000   Number         0  fretinf.o ABSOLUTE
    ../../heapalloc.c                        0x00000000   Number         0  hrguard.o ABSOLUTE
    ../../heapaux.c                          0x00000000   Number         0  heapauxi.o ABSOLUTE
    ../../libinit.s                          0x00000000   Number         0  libinit2.o ABSOLUTE
    ../../libinit.s                          0x00000000   Number         0  libinit.o ABSOLUTE
    ../../libinit.s                          0x00000000   Number         0  libshutdown2.o ABSOLUTE
    ../../libinit.s                          0x00000000   Number         0  libshutdown.o ABSOLUTE
    ../../printf.c                           0x00000000   Number         0  __printf_flags.o ABSOLUTE
    ../../printf.c                           0x00000000   Number         0  __printf_flags_ss.o ABSOLUTE
    ../../printf.c                           0x00000000   Number         0  _printf_intcommon.o ABSOLUTE
    ../../printf.c                           0x00000000   Number         0  _printf_char_common.o ABSOLUTE
    ../../printf.c                           0x00000000   Number         0  __printf_wp.o ABSOLUTE
    ../../printf.c                           0x00000000   Number         0  __printf_flags_wp.o ABSOLUTE
    ../../printf.c                           0x00000000   Number         0  __2sprintf.o ABSOLUTE
    ../../printf.c                           0x00000000   Number         0  noretval__2sprintf.o ABSOLUTE
    ../../printf.c                           0x00000000   Number         0  __printf_ss_wp.o ABSOLUTE
    ../../printf.c                           0x00000000   Number         0  __printf.o ABSOLUTE
    ../../printf.c                           0x00000000   Number         0  _printf_dec.o ABSOLUTE
    ../../printf.c                           0x00000000   Number         0  __printf_flags_ss_wp.o ABSOLUTE
    ../../printf.c                           0x00000000   Number         0  _printf_hex_ll.o ABSOLUTE
    ../../printf.c                           0x00000000   Number         0  _sputc.o ABSOLUTE
    ../../printf.c                           0x00000000   Number         0  _printf_hex_int_ll_ptr.o ABSOLUTE
    ../../printf.c                           0x00000000   Number         0  __printf_nopercent.o ABSOLUTE
    ../../printf.c                           0x00000000   Number         0  _printf_hex_ll_ptr.o ABSOLUTE
    ../../printf.c                           0x00000000   Number         0  _printf_hex_int.o ABSOLUTE
    ../../printf.c                           0x00000000   Number         0  _printf_hex_int_ptr.o ABSOLUTE
    ../../printf.c                           0x00000000   Number         0  __printf_ss.o ABSOLUTE
    ../../printf.c                           0x00000000   Number         0  _printf_hex_ptr.o ABSOLUTE
    ../../printf.c                           0x00000000   Number         0  _printf_hex_int_ll.o ABSOLUTE
    ../../printf_percent.s                   0x00000000   Number         0  _printf_x.o ABSOLUTE
    ../../printf_percent.s                   0x00000000   Number         0  _printf_d.o ABSOLUTE
    ../../printf_percent.s                   0x00000000   Number         0  _printf_percent_end.o ABSOLUTE
    ../../printf_percent.s                   0x00000000   Number         0  _printf_percent.o ABSOLUTE
    ../../signal.c                           0x00000000   Number         0  defsig_pvfn_inner.o ABSOLUTE
    ../../signal.c                           0x00000000   Number         0  defsig_stak_inner.o ABSOLUTE
    ../../signal.c                           0x00000000   Number         0  defsig_rtred_inner.o ABSOLUTE
    ../../signal.c                           0x00000000   Number         0  defsig_fpe_inner.o ABSOLUTE
    ../../signal.c                           0x00000000   Number         0  defsig_exit.o ABSOLUTE
    ../../signal.c                           0x00000000   Number         0  __raise.o ABSOLUTE
    ../../signal.c                           0x00000000   Number         0  defsig_rtmem_inner.o ABSOLUTE
    ../../signal.c                           0x00000000   Number         0  defsig_rtmem_formal.o ABSOLUTE
    ../../signal.c                           0x00000000   Number         0  defsig_abrt_inner.o ABSOLUTE
    ../../signal.c                           0x00000000   Number         0  defsig_rtmem_outer.o ABSOLUTE
    ../../signal.c                           0x00000000   Number         0  defsig_segv_inner.o ABSOLUTE
    ../../signal.c                           0x00000000   Number         0  defsig_other.o ABSOLUTE
    ../../signal.c                           0x00000000   Number         0  defsig_general.o ABSOLUTE
    ../../signal.c                           0x00000000   Number         0  defsig_cppl_inner.o ABSOLUTE
    ../../signal.s                           0x00000000   Number         0  defsig.o ABSOLUTE
    ../../stdlib.c                           0x00000000   Number         0  exit.o ABSOLUTE
    ../../usenofp.s                          0x00000000   Number         0  usenofp.o ABSOLUTE
    Main.c                                   0x00000000   Number         0  main.o ABSOLUTE
    Startup.s                                0x00000000   Number         0  startup.o ABSOLUTE
    dc.s                                     0x00000000   Number         0  dc.o ABSOLUTE
    Undef_Handler                            0x00000040   ARM Code       4  startup.o(RESET)
    SWI_Handler                              0x00000044   ARM Code       4  startup.o(RESET)
    PAbt_Handler                             0x00000048   ARM Code       4  startup.o(RESET)
    DAbt_Handler                             0x0000004c   ARM Code       4  startup.o(RESET)
    IRQ_Handler                              0x00000050   ARM Code       4  startup.o(RESET)
    FIQ_Handler                              0x00000054   ARM Code       4  startup.o(RESET)
    !!!main                                  0x00000110   Section        8  __main.o(!!!main)
    !!!scatter                               0x00000118   Section       60  __scatter.o(!!!scatter)
    !!handler_copy                           0x00000154   Section       40  __scatter_copy.o(!!handler_copy)
    !!handler_zi                             0x0000017c   Section       44  __scatter_zi.o(!!handler_zi)
    .ARM.Collect$$_printf_percent$$00000000  0x000001ac   Section        0  _printf_percent.o(.ARM.Collect$$_printf_percent$$00000000)
    .ARM.Collect$$_printf_percent$$00000009  0x000001ac   Section        8  _printf_d.o(.ARM.Collect$$_printf_percent$$00000009)
    .ARM.Collect$$_printf_percent$$0000000C  0x000001b4   Section        8  _printf_x.o(.ARM.Collect$$_printf_percent$$0000000C)
    .ARM.Collect$$_printf_percent$$00000017  0x000001bc   Section        8  _printf_percent_end.o(.ARM.Collect$$_printf_percent$$00000017)
    .ARM.Collect$$libinit$$00000000          0x000001cc   Section        6  libinit.o(.ARM.Collect$$libinit$$00000000)
    .ARM.Collect$$libinit$$00000006          0x000001d2   Section        0  libinit2.o(.ARM.Collect$$libinit$$00000006)
    .ARM.Collect$$libinit$$00000008          0x000001d2   Section        0  libinit2.o(.ARM.Collect$$libinit$$00000008)
    .ARM.Collect$$libinit$$0000000A          0x000001d2   Section        0  libinit2.o(.ARM.Collect$$libinit$$0000000A)
    .ARM.Collect$$libinit$$0000000D          0x000001d2   Section        0  libinit2.o(.ARM.Collect$$libinit$$0000000D)
    .ARM.Collect$$libinit$$0000000F          0x000001d2   Section        0  libinit2.o(.ARM.Collect$$libinit$$0000000F)
    .ARM.Collect$$libinit$$00000011          0x000001d2   Section        0  libinit2.o(.ARM.Collect$$libinit$$00000011)
    .ARM.Collect$$libinit$$00000013          0x000001d2   Section        0  libinit2.o(.ARM.Collect$$libinit$$00000013)
    .ARM.Collect$$libinit$$00000015          0x000001d2   Section        0  libinit2.o(.ARM.Collect$$libinit$$00000015)
    .ARM.Collect$$libinit$$00000017          0x000001d2   Section        0  libinit2.o(.ARM.Collect$$libinit$$00000017)
    .ARM.Collect$$libinit$$00000019          0x000001d2   Section        0  libinit2.o(.ARM.Collect$$libinit$$00000019)
    .ARM.Collect$$libinit$$0000001B          0x000001d2   Section        0  libinit2.o(.ARM.Collect$$libinit$$0000001B)
    .ARM.Collect$$libinit$$0000001D          0x000001d2   Section        0  libinit2.o(.ARM.Collect$$libinit$$0000001D)
    .ARM.Collect$$libinit$$0000001F          0x000001d2   Section        0  libinit2.o(.ARM.Collect$$libinit$$0000001F)
    .ARM.Collect$$libinit$$00000021          0x000001d2   Section        0  libinit2.o(.ARM.Collect$$libinit$$00000021)
    .ARM.Collect$$libinit$$00000028          0x000001d2   Section        0  libinit2.o(.ARM.Collect$$libinit$$00000028)
    .ARM.Collect$$libinit$$0000002A          0x000001d2   Section        0  libinit2.o(.ARM.Collect$$libinit$$0000002A)
    .ARM.Collect$$libinit$$0000002C          0x000001d2   Section        0  libinit2.o(.ARM.Collect$$libinit$$0000002C)
    .ARM.Collect$$libinit$$0000002E          0x000001d2   Section        0  libinit2.o(.ARM.Collect$$libinit$$0000002E)
    .ARM.Collect$$libinit$$0000002F          0x000001d2   Section       12  libinit2.o(.ARM.Collect$$libinit$$0000002F)
    .ARM.Collect$$libshutdown$$00000000      0x000001e8   Section        4  libshutdown.o(.ARM.Collect$$libshutdown$$00000000)
    .ARM.Collect$$libshutdown$$00000003      0x000001ec   Section        0  libshutdown2.o(.ARM.Collect$$libshutdown$$00000003)
    .ARM.Collect$$libshutdown$$00000006      0x000001ec   Section        0  libshutdown2.o(.ARM.Collect$$libshutdown$$00000006)
    .ARM.Collect$$libshutdown$$00000009      0x000001ec   Section        0  libshutdown2.o(.ARM.Collect$$libshutdown$$00000009)
    .ARM.Collect$$libshutdown$$0000000B      0x000001ec   Section        0  libshutdown2.o(.ARM.Collect$$libshutdown$$0000000B)
    .ARM.Collect$$libshutdown$$0000000E      0x000001ec   Section        0  libshutdown2.o(.ARM.Collect$$libshutdown$$0000000E)
    .ARM.Collect$$libshutdown$$0000000F      0x000001ec   Section        6  libshutdown2.o(.ARM.Collect$$libshutdown$$0000000F)
    .ARM.Collect$$rtentry$$00000000          0x000001f4   Section        0  rtentry.o(.ARM.Collect$$rtentry$$00000000)
    .ARM.Collect$$rtentry$$00000002          0x000001f4   Section        0  rtentry2.o(.ARM.Collect$$rtentry$$00000002)
    .ARM.Collect$$rtentry$$00000004          0x000001f4   Section        8  rtentry4.o(.ARM.Collect$$rtentry$$00000004)
    .ARM.Collect$$rtentry$$00000009          0x000001fc   Section        0  rtentry2.o(.ARM.Collect$$rtentry$$00000009)
    .ARM.Collect$$rtentry$$0000000A          0x000001fc   Section        4  rtentry2.o(.ARM.Collect$$rtentry$$0000000A)
    .ARM.Collect$$rtentry$$0000000C          0x00000200   Section        0  rtentry2.o(.ARM.Collect$$rtentry$$0000000C)
    .ARM.Collect$$rtentry$$0000000D          0x00000200   Section       40  rtentry2.o(.ARM.Collect$$rtentry$$0000000D)
    .ARM.Collect$$rtexit$$00000000           0x0000022c   Section        4  rtexit.o(.ARM.Collect$$rtexit$$00000000)
    .ARM.Collect$$rtexit$$00000002           0x00000230   Section        0  rtexit2.o(.ARM.Collect$$rtexit$$00000002)
    .ARM.Collect$$rtexit$$00000003           0x00000230   Section        4  rtexit2.o(.ARM.Collect$$rtexit$$00000003)
    .ARM.Collect$$rtexit$$00000004           0x00000234   Section        8  rtexit2.o(.ARM.Collect$$rtexit$$00000004)
    .text                                    0x0000023c   Section       32  startup.o(.text)
    .text                                    0x0000025c   Section        0  main.o(.text)
    .text                                    0x00000830   Section        0  noretval__2sprintf.o(.text)
    .text                                    0x00000858   Section        0  __printf.o(.text)
    .text                                    0x000008d8   Section        0  _printf_dec.o(.text)
    .text                                    0x00000950   Section        0  _printf_hex_int.o(.text)
    .text                                    0x000009ac   Section        0  heapauxi.o(.text)
    .text                                    0x000009b2   Section        0  _printf_intcommon.o(.text)
    .text                                    0x00000a68   Section        0  _printf_char_common.o(.text)
    _printf_input_char                       0x00000a69   Thumb Code    10  _printf_char_common.o(.text)
    .text                                    0x00000a98   Section        0  _sputc.o(.text)
    .text                                    0x00000aa8   Section       44  rtudiv10.o(.text)
    .text                                    0x00000ad4   Section       96  sys_stackheap_outer.o(.text)
    .text                                    0x00000b34   Section        0  exit.o(.text)
    .text                                    0x00000b40   Section       12  libspace.o(.text)
    .text                                    0x00000b4c   Section       16  rt_fp_status_addr_intlibspace.o(.text)
    .text                                    0x00000b64   Section        0  sys_exit.o(.text)
    .text                                    0x00000b70   Section        4  use_no_semi.o(.text)
    i.__ARM_common_call_via_r1               0x00000b74   Section        0  __printf.o(i.__ARM_common_call_via_r1)
    i.__ARM_common_call_via_r2               0x00000b76   Section        0  __printf.o(i.__ARM_common_call_via_r2)
    x$fpl$d2f                                0x00000b78   Section      108  d2f.o(x$fpl$d2f)
    x$fpl$ddiv                               0x00000be4   Section      736  ddiv.o(x$fpl$ddiv)
    ddiv_entry                               0x00000bec   ARM Code       0  ddiv.o(x$fpl$ddiv)
    x$fpl$dflt                               0x00000ec4   Section       88  dflt_noclz.o(x$fpl$dflt)
    x$fpl$dmul                               0x00000f1c   Section      384  dmul.o(x$fpl$dmul)
    x$fpl$dnaninf                            0x0000109c   Section      192  dnaninf.o(x$fpl$dnaninf)
    x$fpl$dretinf                            0x0000115c   Section       16  dretinf.o(x$fpl$dretinf)
    x$fpl$fadd                               0x0000116c   Section      196  faddsub_noclz.o(x$fpl$fadd)
    _fadd1                                   0x00001178   ARM Code       0  faddsub_noclz.o(x$fpl$fadd)
    x$fpl$ffix                               0x00001230   Section       68  ffix.o(x$fpl$ffix)
    x$fpl$ffixu                              0x00001274   Section       84  ffixu.o(x$fpl$ffixu)
    x$fpl$fflt                               0x000012c8   Section       92  fflt_noclz.o(x$fpl$fflt)
    x$fpl$fmul                               0x00001324   Section      256  fmul.o(x$fpl$fmul)
    x$fpl$fnaninf                            0x00001424   Section      168  fnaninf.o(x$fpl$fnaninf)
    x$fpl$fpinit                             0x000014d0   Section       24  fpinit.o(x$fpl$fpinit)
    x$fpl$fretinf                            0x000014e8   Section       16  fretinf.o(x$fpl$fretinf)
    x$fpl$frsb                               0x000014f8   Section       20  faddsub_noclz.o(x$fpl$frsb)
    x$fpl$fsub                               0x0000150c   Section      304  faddsub_noclz.o(x$fpl$fsub)
    _fsub1                                   0x00001518   ARM Code       0  faddsub_noclz.o(x$fpl$fsub)
    .constdata                               0x0000163c   Section       40  _printf_hex_int.o(.constdata)
    x$fpl$usenofp                            0x0000163c   Section        0  usenofp.o(x$fpl$usenofp)
    uc_hextab                                0x0000163c   Data          20  _printf_hex_int.o(.constdata)
    lc_hextab                                0x00001650   Data          20  _printf_hex_int.o(.constdata)
    .data                                    0x40000000   Section       12  main.o(.data)
    .bss                                     0x4000000c   Section       96  libspace.o(.bss)
    HEAP                                     0x40000070   Section        0  startup.o(HEAP)
    STACK                                    0x40000070   Section     1160  startup.o(STACK)
    Heap_Mem                                 0x40000070   Data           0  startup.o(HEAP)
    Stack_Mem                                0x40000070   Data        1024  startup.o(STACK)
    Stack_Top                                0x400004f8   Data           0  startup.o(STACK)

    Global Symbols

    Symbol Name                              Value     Ov Type        Size  Object(Section)

    BuildAttributes$$THM_ISAv1$ARM_ISAv4$S$PE$A:L22$X:L11$S22$IEEE1$IW$USESV6$~STKCKD$USESV7$~SHL$OSPACE$ROPI$EBA8$UX$STANDARDLIB$REQ8$PRES8$EABIv2 0x00000000   Number         0  anon$$obj.o ABSOLUTE
    __ARM_use_no_argv                        0x00000000   Number         0  main.o ABSOLUTE
    __ARM_exceptions_init                     - Undefined Weak Reference
    __alloca_initialize                       - Undefined Weak Reference
    __cpp_initialize__aeabi_                  - Undefined Weak Reference
    __cxa_finalize                            - Undefined Weak Reference
    __rt_locale                               - Undefined Weak Reference
    __sigvec_lookup                           - Undefined Weak Reference
    _atexit_init                              - Undefined Weak Reference
    _call_atexit_fns                          - Undefined Weak Reference
    _clock_init                               - Undefined Weak Reference
    _fp_trap_init                             - Undefined Weak Reference
    _fp_trap_shutdown                         - Undefined Weak Reference
    _get_lc_collate                           - Undefined Weak Reference
    _get_lc_ctype                             - Undefined Weak Reference
    _get_lc_monetary                          - Undefined Weak Reference
    _get_lc_numeric                           - Undefined Weak Reference
    _get_lc_time                              - Undefined Weak Reference
    _getenv_init                              - Undefined Weak Reference
    _handle_redirection                       - Undefined Weak Reference
    _init_alloc                               - Undefined Weak Reference
    _init_user_alloc                          - Undefined Weak Reference
    _initio                                   - Undefined Weak Reference
    _printf_post_padding                      - Undefined Weak Reference
    _printf_pre_padding                       - Undefined Weak Reference
    _printf_truncate_signed                   - Undefined Weak Reference
    _printf_truncate_unsigned                 - Undefined Weak Reference
    _rand_init                                - Undefined Weak Reference
    _signal_finish                            - Undefined Weak Reference
    _signal_init                              - Undefined Weak Reference
    _terminate_alloc                          - Undefined Weak Reference
    _terminate_user_alloc                     - Undefined Weak Reference
    _terminateio                              - Undefined Weak Reference
    Reset_Handler                            0x00000058   ARM Code       0  startup.o(RESET)
    __main                                   0x00000110   ARM Code       8  __main.o(!!!main)
    __scatterload                            0x00000118   ARM Code       0  __scatter.o(!!!scatter)
    __scatterload_rt2                        0x00000118   ARM Code      52  __scatter.o(!!!scatter)
    __scatterload_null                       0x0000012c   ARM Code       0  __scatter.o(!!!scatter)
    __scatterload_copy                       0x00000154   ARM Code      40  __scatter_copy.o(!!handler_copy)
    __scatterload_zeroinit                   0x0000017c   ARM Code      44  __scatter_zi.o(!!handler_zi)
    Inline Thumb to ARM Veneer to _printf_percent 0x000001a9   Thumb Code     4  _printf_percent.o(.ARM.Collect$$_printf_percent$$00000000)
    _printf_d                                0x000001ac   ARM Code       0  _printf_d.o(.ARM.Collect$$_printf_percent$$00000009)
    _printf_percent                          0x000001ac   ARM Code       0  _printf_percent.o(.ARM.Collect$$_printf_percent$$00000000)
    _printf_x                                0x000001b4   ARM Code       0  _printf_x.o(.ARM.Collect$$_printf_percent$$0000000C)
    _printf_percent_end                      0x000001bc   ARM Code       0  _printf_percent_end.o(.ARM.Collect$$_printf_percent$$00000017)
    Inline ARM to Thumb Veneer to __rt_lib_init 0x000001c4   ARM Code       8  libinit.o(.ARM.Collect$$libinit$$00000000)
    __rt_lib_init                            0x000001cd   Thumb Code     0  libinit.o(.ARM.Collect$$libinit$$00000000)
    __rt_lib_init_alloca_1                   0x000001d3   Thumb Code     0  libinit2.o(.ARM.Collect$$libinit$$0000002A)
    __rt_lib_init_argv_1                     0x000001d3   Thumb Code     0  libinit2.o(.ARM.Collect$$libinit$$00000028)
    __rt_lib_init_atexit_1                   0x000001d3   Thumb Code     0  libinit2.o(.ARM.Collect$$libinit$$00000017)
    __rt_lib_init_clock_1                    0x000001d3   Thumb Code     0  libinit2.o(.ARM.Collect$$libinit$$0000001D)
    __rt_lib_init_cpp_1                      0x000001d3   Thumb Code     0  libinit2.o(.ARM.Collect$$libinit$$0000002E)
    __rt_lib_init_exceptions_1               0x000001d3   Thumb Code     0  libinit2.o(.ARM.Collect$$libinit$$0000002C)
    __rt_lib_init_fp_trap_1                  0x000001d3   Thumb Code     0  libinit2.o(.ARM.Collect$$libinit$$0000001B)
    __rt_lib_init_getenv_1                   0x000001d3   Thumb Code     0  libinit2.o(.ARM.Collect$$libinit$$0000001F)
    __rt_lib_init_heap_1                     0x000001d3   Thumb Code     0  libinit2.o(.ARM.Collect$$libinit$$00000006)
    __rt_lib_init_lc_collate_1               0x000001d3   Thumb Code     0  libinit2.o(.ARM.Collect$$libinit$$0000000D)
    __rt_lib_init_lc_ctype_1                 0x000001d3   Thumb Code     0  libinit2.o(.ARM.Collect$$libinit$$0000000F)
    __rt_lib_init_lc_monetary_1              0x000001d3   Thumb Code     0  libinit2.o(.ARM.Collect$$libinit$$00000011)
    __rt_lib_init_lc_numeric_1               0x000001d3   Thumb Code     0  libinit2.o(.ARM.Collect$$libinit$$00000013)
    __rt_lib_init_lc_time_1                  0x000001d3   Thumb Code     0  libinit2.o(.ARM.Collect$$libinit$$00000015)
    __rt_lib_init_rand_1                     0x000001d3   Thumb Code     0  libinit2.o(.ARM.Collect$$libinit$$0000000A)
    __rt_lib_init_return                     0x000001d3   Thumb Code     0  libinit2.o(.ARM.Collect$$libinit$$0000002F)
    __rt_lib_init_signal_1                   0x000001d3   Thumb Code     0  libinit2.o(.ARM.Collect$$libinit$$00000019)
    __rt_lib_init_stdio_1                    0x000001d3   Thumb Code     0  libinit2.o(.ARM.Collect$$libinit$$00000021)
    __rt_lib_init_user_alloc_1               0x000001d3   Thumb Code     0  libinit2.o(.ARM.Collect$$libinit$$00000008)
    Inline ARM to Thumb Veneer to __rt_lib_shutdown 0x000001e0   ARM Code       8  libshutdown.o(.ARM.Collect$$libshutdown$$00000000)
    __rt_lib_shutdown                        0x000001e9   Thumb Code     0  libshutdown.o(.ARM.Collect$$libshutdown$$00000000)
    __rt_lib_shutdown_fp_trap_1              0x000001ed   Thumb Code     0  libshutdown2.o(.ARM.Collect$$libshutdown$$00000006)
    __rt_lib_shutdown_heap_1                 0x000001ed   Thumb Code     0  libshutdown2.o(.ARM.Collect$$libshutdown$$0000000E)
    __rt_lib_shutdown_return                 0x000001ed   Thumb Code     0  libshutdown2.o(.ARM.Collect$$libshutdown$$0000000F)
    __rt_lib_shutdown_signal_1               0x000001ed   Thumb Code     0  libshutdown2.o(.ARM.Collect$$libshutdown$$00000009)
    __rt_lib_shutdown_stdio_1                0x000001ed   Thumb Code     0  libshutdown2.o(.ARM.Collect$$libshutdown$$00000003)
    __rt_lib_shutdown_user_alloc_1           0x000001ed   Thumb Code     0  libshutdown2.o(.ARM.Collect$$libshutdown$$0000000B)
    __rt_entry                               0x000001f4   ARM Code       0  rtentry.o(.ARM.Collect$$rtentry$$00000000)
    __rt_entry_presh_1                       0x000001f4   ARM Code       0  rtentry2.o(.ARM.Collect$$rtentry$$00000002)
    __rt_entry_sh                            0x000001f4   ARM Code       0  rtentry4.o(.ARM.Collect$$rtentry$$00000004)
    __rt_entry_li                            0x000001fc   ARM Code       0  rtentry2.o(.ARM.Collect$$rtentry$$0000000A)
    __rt_entry_postsh_1                      0x000001fc   ARM Code       0  rtentry2.o(.ARM.Collect$$rtentry$$00000009)
    __rt_entry_main                          0x00000200   ARM Code       0  rtentry2.o(.ARM.Collect$$rtentry$$0000000D)
    __rt_entry_postli_1                      0x00000200   ARM Code       0  rtentry2.o(.ARM.Collect$$rtentry$$0000000C)
    Inline Thumb to ARM Veneer to __rt_exit  0x00000229   Thumb Code     4  rtexit.o(.ARM.Collect$$rtexit$$00000000)
    __rt_exit                                0x0000022c   ARM Code       0  rtexit.o(.ARM.Collect$$rtexit$$00000000)
    __rt_exit_ls                             0x00000230   ARM Code       0  rtexit2.o(.ARM.Collect$$rtexit$$00000003)
    __rt_exit_prels_1                        0x00000230   ARM Code       0  rtexit2.o(.ARM.Collect$$rtexit$$00000002)
    __rt_exit_exit                           0x00000234   ARM Code       0  rtexit2.o(.ARM.Collect$$rtexit$$00000004)
    __user_initial_stackheap                 0x0000023c   ARM Code       0  startup.o(.text)
    uart0_init                               0x0000025c   ARM Code     140  main.o(.text)
    uart0_tx                                 0x000002e8   ARM Code      32  main.o(.text)
    uart0_rx                                 0x00000308   ARM Code      32  main.o(.text)
    uart0_tx_string                          0x00000328   ARM Code      56  main.o(.text)
    uart0_tx_integer                         0x00000360   ARM Code      40  main.o(.text)
    uart0_tx_hex                             0x00000388   ARM Code      40  main.o(.text)
    uart0_tx_float                           0x000003b0   ARM Code     100  main.o(.text)
    initTimer0                               0x00000414   ARM Code      32  main.o(.text)
    delayUS                                  0x00000434   ARM Code      56  main.o(.text)
    delayMS                                  0x0000046c   ARM Code      28  main.o(.text)
    startTimer0                              0x00000488   ARM Code      24  main.o(.text)
    stopTimer0                               0x000004a0   ARM Code      24  main.o(.text)
    can2_init                                0x000004b8   ARM Code      68  main.o(.text)
    can2_tx                                  0x000004fc   ARM Code     168  main.o(.text)
    can2_rx                                  0x000005a4   ARM Code     124  main.o(.text)
    main                                     0x00000620   ARM Code     448  main.o(.text)
    Inline ARM to Thumb Veneer to __2sprintf 0x00000828   ARM Code       8  noretval__2sprintf.o(.text)
    __2sprintf                               0x00000831   Thumb Code    36  noretval__2sprintf.o(.text)
    __printf                                 0x00000859   Thumb Code   120  __printf.o(.text)
    Inline ARM to Thumb Veneer to _printf_int_dec 0x000008d0   ARM Code       8  _printf_dec.o(.text)
    _printf_int_dec                          0x000008d9   Thumb Code    94  _printf_dec.o(.text)
    Inline ARM to Thumb Veneer to _printf_int_hex 0x00000948   ARM Code       8  _printf_hex_int.o(.text)
    _printf_int_hex                          0x00000951   Thumb Code    88  _printf_hex_int.o(.text)
    _printf_longlong_hex                     0x00000951   Thumb Code     0  _printf_hex_int.o(.text)
    __use_two_region_memory                  0x000009ad   Thumb Code     2  heapauxi.o(.text)
    __rt_heap_escrow$2region                 0x000009af   Thumb Code     2  heapauxi.o(.text)
    __rt_heap_expand$2region                 0x000009b1   Thumb Code     2  heapauxi.o(.text)
    _printf_int_common                       0x000009b3   Thumb Code   182  _printf_intcommon.o(.text)
    _printf_char_common                      0x00000a73   Thumb Code    34  _printf_char_common.o(.text)
    _sputc                                   0x00000a99   Thumb Code    10  _sputc.o(.text)
    Inline Thumb to ARM Veneer to __rt_udiv10 0x00000aa5   Thumb Code     4  rtudiv10.o(.text)
    __rt_udiv10                              0x00000aa8   ARM Code      44  rtudiv10.o(.text)
    __user_setup_stackheap                   0x00000ad4   ARM Code      96  sys_stackheap_outer.o(.text)
    exit                                     0x00000b35   Thumb Code    12  exit.o(.text)
    __user_libspace                          0x00000b40   ARM Code      12  libspace.o(.text)
    __user_perproc_libspace                  0x00000b40   ARM Code       0  libspace.o(.text)
    __user_perthread_libspace                0x00000b40   ARM Code       0  libspace.o(.text)
    __rt_fp_status_addr                      0x00000b4c   ARM Code      16  rt_fp_status_addr_intlibspace.o(.text)
    Inline ARM to Thumb Veneer to _sys_exit  0x00000b5c   ARM Code       8  sys_exit.o(.text)
    _sys_exit                                0x00000b65   Thumb Code     8  sys_exit.o(.text)
    __I$use$semihosting                      0x00000b70   ARM Code       0  use_no_semi.o(.text)
    __use_no_semihosting_swi                 0x00000b70   ARM Code       4  use_no_semi.o(.text)
    __ARM_common_call_via_r1                 0x00000b75   Thumb Code     2  __printf.o(i.__ARM_common_call_via_r1)
    __ARM_common_call_via_r2                 0x00000b77   Thumb Code     2  __printf.o(i.__ARM_common_call_via_r2)
    __aeabi_d2f                              0x00000b78   ARM Code       0  d2f.o(x$fpl$d2f)
    _d2f                                     0x00000b78   ARM Code     108  d2f.o(x$fpl$d2f)
    __aeabi_ddiv                             0x00000be4   ARM Code       0  ddiv.o(x$fpl$ddiv)
    _ddiv                                    0x00000be4   ARM Code     600  ddiv.o(x$fpl$ddiv)
    __aeabi_i2d                              0x00000ec4   ARM Code       0  dflt_noclz.o(x$fpl$dflt)
    _dflt                                    0x00000ec4   ARM Code      88  dflt_noclz.o(x$fpl$dflt)
    __dflt_normalise                         0x00000ed4   ARM Code       0  dflt_noclz.o(x$fpl$dflt)
    __aeabi_dmul                             0x00000f1c   ARM Code       0  dmul.o(x$fpl$dmul)
    _dmul                                    0x00000f1c   ARM Code     372  dmul.o(x$fpl$dmul)
    __fpl_dnaninf                            0x0000109c   ARM Code     192  dnaninf.o(x$fpl$dnaninf)
    __fpl_dretinf                            0x0000115c   ARM Code      16  dretinf.o(x$fpl$dretinf)
    __aeabi_fadd                             0x0000116c   ARM Code       0  faddsub_noclz.o(x$fpl$fadd)
    _fadd                                    0x0000116c   ARM Code     196  faddsub_noclz.o(x$fpl$fadd)
    __aeabi_f2iz                             0x00001230   ARM Code       0  ffix.o(x$fpl$ffix)
    _ffix                                    0x00001230   ARM Code      68  ffix.o(x$fpl$ffix)
    __aeabi_f2uiz                            0x00001274   ARM Code       0  ffixu.o(x$fpl$ffixu)
    _ffixu                                   0x00001274   ARM Code      84  ffixu.o(x$fpl$ffixu)
    __aeabi_i2f                              0x000012c8   ARM Code       0  fflt_noclz.o(x$fpl$fflt)
    _fflt                                    0x000012c8   ARM Code      92  fflt_noclz.o(x$fpl$fflt)
    __fflt_normalise                         0x000012d4   ARM Code       0  fflt_noclz.o(x$fpl$fflt)
    __aeabi_fmul                             0x00001324   ARM Code       0  fmul.o(x$fpl$fmul)
    _fmul                                    0x00001324   ARM Code     256  fmul.o(x$fpl$fmul)
    __fpl_fnaninf                            0x00001424   ARM Code     168  fnaninf.o(x$fpl$fnaninf)
    Inline Thumb to ARM Veneer to _fp_init   0x000014cd   Thumb Code     4  fpinit.o(x$fpl$fpinit)
    _fp_init                                 0x000014d0   ARM Code      24  fpinit.o(x$fpl$fpinit)
    __fplib_config_pureend_doubles           0x000014e0   ARM Code       0  fpinit.o(x$fpl$fpinit)
    __fpl_fretinf                            0x000014e8   ARM Code      16  fretinf.o(x$fpl$fretinf)
    __aeabi_frsub                            0x000014f8   ARM Code       0  faddsub_noclz.o(x$fpl$frsb)
    _frsb                                    0x000014f8   ARM Code      20  faddsub_noclz.o(x$fpl$frsb)
    __aeabi_fsub                             0x0000150c   ARM Code       0  faddsub_noclz.o(x$fpl$fsub)
    _fsub                                    0x0000150c   ARM Code     304  faddsub_noclz.o(x$fpl$fsub)
    __I$use$fp                               0x0000163c   ARM Code       0  usenofp.o(x$fpl$usenofp)
    Region$$Table$$Base                      0x00001664   Number         0  anon$$obj.o(Region$$Table)
    Region$$Table$$Limit                     0x00001684   Number         0  anon$$obj.o(Region$$Table)
    echoTime                                 0x40000000   Data           4  main.o(.data)
    distance                                 0x40000004   Data           4  main.o(.data)
    temp                                     0x40000008   Data           4  main.o(.data)
    __libspace_start                         0x4000000c   Data          96  libspace.o(.bss)
    __temporary_stack_top$libspace           0x4000006c   Data           0  libspace.o(.bss)



==============================================================================

Memory Map of the image

  Image Entry point : 0x00000110

  Load Region LR_IROM1 (Base: 0x00000000, Size: 0x00001690, Max: 0x00040000, ABSOLUTE)

    Execution Region ER_IROM1 (Base: 0x00000000, Size: 0x00001684, Max: 0x00040000, ABSOLUTE)

    Base Addr    Size         Type   Attr      Idx    E Section Name        Object

    0x00000000   0x00000110   Code   RO            3    RESET               startup.o
    0x00000110   0x00000008   Code   RO           96  * !!!main             c_t.l(__main.o)(c_t.l)
    0x00000118   0x0000003c   Code   RO          314    !!!scatter          c_t.l(__scatter.o)(c_t.l)
    0x00000154   0x00000028   Code   RO          316    !!handler_copy      c_t.l(__scatter_copy.o)(c_t.l)
    0x0000017c   0x0000002c   Code   RO          318    !!handler_zi        c_t.l(__scatter_zi.o)(c_t.l)
    0x000001a8   0x00000004   Ven    RO           93    .ARM.Collect$$_printf_percent$$00000000  c_t.l(_printf_percent.o)(c_t.l)
    0x000001ac   0x00000000   Code   RO           93    .ARM.Collect$$_printf_percent$$00000000  c_t.l(_printf_percent.o)(c_t.l)
    0x000001ac   0x00000008   Code   RO           92    .ARM.Collect$$_printf_percent$$00000009  c_t.l(_printf_d.o)(c_t.l)
    0x000001b4   0x00000008   Code   RO           91    .ARM.Collect$$_printf_percent$$0000000C  c_t.l(_printf_x.o)(c_t.l)
    0x000001bc   0x00000008   Code   RO          138    .ARM.Collect$$_printf_percent$$00000017  c_t.l(_printf_percent_end.o)(c_t.l)
    0x000001c4   0x00000008   Ven    RO          184    .ARM.Collect$$libinit$$00000000  c_t.l(libinit.o)(c_t.l)
    0x000001cc   0x00000006   Code   RO          184    .ARM.Collect$$libinit$$00000000  c_t.l(libinit.o)(c_t.l)
    0x000001d2   0x00000000   Code   RO          192    .ARM.Collect$$libinit$$00000006  c_t.l(libinit2.o)(c_t.l)
    0x000001d2   0x00000000   Code   RO          194    .ARM.Collect$$libinit$$00000008  c_t.l(libinit2.o)(c_t.l)
    0x000001d2   0x00000000   Code   RO          196    .ARM.Collect$$libinit$$0000000A  c_t.l(libinit2.o)(c_t.l)
    0x000001d2   0x00000000   Code   RO          199    .ARM.Collect$$libinit$$0000000D  c_t.l(libinit2.o)(c_t.l)
    0x000001d2   0x00000000   Code   RO          201    .ARM.Collect$$libinit$$0000000F  c_t.l(libinit2.o)(c_t.l)
    0x000001d2   0x00000000   Code   RO          203    .ARM.Collect$$libinit$$00000011  c_t.l(libinit2.o)(c_t.l)
    0x000001d2   0x00000000   Code   RO          205    .ARM.Collect$$libinit$$00000013  c_t.l(libinit2.o)(c_t.l)
    0x000001d2   0x00000000   Code   RO          207    .ARM.Collect$$libinit$$00000015  c_t.l(libinit2.o)(c_t.l)
    0x000001d2   0x00000000   Code   RO          209    .ARM.Collect$$libinit$$00000017  c_t.l(libinit2.o)(c_t.l)
    0x000001d2   0x00000000   Code   RO          211    .ARM.Collect$$libinit$$00000019  c_t.l(libinit2.o)(c_t.l)
    0x000001d2   0x00000000   Code   RO          213    .ARM.Collect$$libinit$$0000001B  c_t.l(libinit2.o)(c_t.l)
    0x000001d2   0x00000000   Code   RO          215    .ARM.Collect$$libinit$$0000001D  c_t.l(libinit2.o)(c_t.l)
    0x000001d2   0x00000000   Code   RO          217    .ARM.Collect$$libinit$$0000001F  c_t.l(libinit2.o)(c_t.l)
    0x000001d2   0x00000000   Code   RO          219    .ARM.Collect$$libinit$$00000021  c_t.l(libinit2.o)(c_t.l)
    0x000001d2   0x00000000   Code   RO          223    .ARM.Collect$$libinit$$00000028  c_t.l(libinit2.o)(c_t.l)
    0x000001d2   0x00000000   Code   RO          225    .ARM.Collect$$libinit$$0000002A  c_t.l(libinit2.o)(c_t.l)
    0x000001d2   0x00000000   Code   RO          227    .ARM.Collect$$libinit$$0000002C  c_t.l(libinit2.o)(c_t.l)
    0x000001d2   0x00000000   Code   RO          229    .ARM.Collect$$libinit$$0000002E  c_t.l(libinit2.o)(c_t.l)
    0x000001d2   0x0000000c   Code   RO          230    .ARM.Collect$$libinit$$0000002F  c_t.l(libinit2.o)(c_t.l)
    0x000001de   0x00000002   PAD
    0x000001e0   0x00000008   Ven    RO          256    .ARM.Collect$$libshutdown$$00000000  c_t.l(libshutdown.o)(c_t.l)
    0x000001e8   0x00000004   Code   RO          256    .ARM.Collect$$libshutdown$$00000000  c_t.l(libshutdown.o)(c_t.l)
    0x000001ec   0x00000000   Code   RO          269    .ARM.Collect$$libshutdown$$00000003  c_t.l(libshutdown2.o)(c_t.l)
    0x000001ec   0x00000000   Code   RO          272    .ARM.Collect$$libshutdown$$00000006  c_t.l(libshutdown2.o)(c_t.l)
    0x000001ec   0x00000000   Code   RO          275    .ARM.Collect$$libshutdown$$00000009  c_t.l(libshutdown2.o)(c_t.l)
    0x000001ec   0x00000000   Code   RO          277    .ARM.Collect$$libshutdown$$0000000B  c_t.l(libshutdown2.o)(c_t.l)
    0x000001ec   0x00000000   Code   RO          280    .ARM.Collect$$libshutdown$$0000000E  c_t.l(libshutdown2.o)(c_t.l)
    0x000001ec   0x00000006   Code   RO          281    .ARM.Collect$$libshutdown$$0000000F  c_t.l(libshutdown2.o)(c_t.l)
    0x000001f2   0x00000002   PAD
    0x000001f4   0x00000000   Code   RO          130    .ARM.Collect$$rtentry$$00000000  c_t.l(rtentry.o)(c_t.l)
    0x000001f4   0x00000000   Code   RO          151    .ARM.Collect$$rtentry$$00000002  c_t.l(rtentry2.o)(c_t.l)
    0x000001f4   0x00000008   Code   RO          166    .ARM.Collect$$rtentry$$00000004  c_t.l(rtentry4.o)(c_t.l)
    0x000001fc   0x00000000   Code   RO          153    .ARM.Collect$$rtentry$$00000009  c_t.l(rtentry2.o)(c_t.l)
    0x000001fc   0x00000004   Code   RO          154    .ARM.Collect$$rtentry$$0000000A  c_t.l(rtentry2.o)(c_t.l)
    0x00000200   0x00000000   Code   RO          156    .ARM.Collect$$rtentry$$0000000C  c_t.l(rtentry2.o)(c_t.l)
    0x00000200   0x00000028   Code   RO          157    .ARM.Collect$$rtentry$$0000000D  c_t.l(rtentry2.o)(c_t.l)
    0x00000228   0x00000004   Ven    RO          188    .ARM.Collect$$rtexit$$00000000  c_t.l(rtexit.o)(c_t.l)
    0x0000022c   0x00000004   Code   RO          188    .ARM.Collect$$rtexit$$00000000  c_t.l(rtexit.o)(c_t.l)
    0x00000230   0x00000000   Code   RO          234    .ARM.Collect$$rtexit$$00000002  c_t.l(rtexit2.o)(c_t.l)
    0x00000230   0x00000004   Code   RO          235    .ARM.Collect$$rtexit$$00000003  c_t.l(rtexit2.o)(c_t.l)
    0x00000234   0x00000008   Code   RO          236    .ARM.Collect$$rtexit$$00000004  c_t.l(rtexit2.o)(c_t.l)
    0x0000023c   0x00000020   Code   RO            4    .text               startup.o
    0x0000025c   0x000005cc   Code   RO           11    .text               main.o
    0x00000828   0x00000008   Ven    RO           42    .text               c_t.l(noretval__2sprintf.o)(c_t.l)
    0x00000830   0x00000028   Code   RO           42    .text               c_t.l(noretval__2sprintf.o)(c_t.l)
    0x00000858   0x00000078   Code   RO           44    .text               c_t.l(__printf.o)(c_t.l)
    0x000008d0   0x00000008   Ven    RO           50    .text               c_t.l(_printf_dec.o)(c_t.l)
    0x000008d8   0x00000070   Code   RO           50    .text               c_t.l(_printf_dec.o)(c_t.l)
    0x00000948   0x00000008   Ven    RO           55    .text               c_t.l(_printf_hex_int.o)(c_t.l)
    0x00000950   0x0000005c   Code   RO           55    .text               c_t.l(_printf_hex_int.o)(c_t.l)
    0x000009ac   0x00000006   Code   RO           94    .text               c_t.l(heapauxi.o)(c_t.l)
    0x000009b2   0x000000b6   Code   RO          132    .text               c_t.l(_printf_intcommon.o)(c_t.l)
    0x00000a68   0x00000030   Code   RO          134    .text               c_t.l(_printf_char_common.o)(c_t.l)
    0x00000a98   0x0000000a   Code   RO          136    .text               c_t.l(_sputc.o)(c_t.l)
    0x00000aa2   0x00000002   PAD
    0x00000aa4   0x00000004   Ven    RO          139    .text               c_t.l(rtudiv10.o)(c_t.l)
    0x00000aa8   0x0000002c   Code   RO          139    .text               c_t.l(rtudiv10.o)(c_t.l)
    0x00000ad4   0x00000060   Code   RO          174    .text               c_t.l(sys_stackheap_outer.o)(c_t.l)
    0x00000b34   0x0000000c   Code   RO          176    .text               c_t.l(exit.o)(c_t.l)
    0x00000b40   0x0000000c   Code   RO          185    .text               c_t.l(libspace.o)(c_t.l)
    0x00000b4c   0x00000010   Code   RO          244    .text               c_t.l(rt_fp_status_addr_intlibspace.o)(c_t.l)
    0x00000b5c   0x00000008   Ven    RO          248    .text               c_t.l(sys_exit.o)(c_t.l)
    0x00000b64   0x0000000c   Code   RO          248    .text               c_t.l(sys_exit.o)(c_t.l)
    0x00000b70   0x00000004   Code   RO          259    .text               c_t.l(use_no_semi.o)(c_t.l)
    0x00000b74   0x00000002   Code   RO           48    i.__ARM_common_call_via_r1  c_t.l(__printf.o)(c_t.l)
    0x00000b76   0x00000002   Code   RO           46    i.__ARM_common_call_via_r2  c_t.l(__printf.o)(c_t.l)
    0x00000b78   0x0000006c   Code   RO           98    x$fpl$d2f           fz_ts.l(d2f.o)(fz_ts.l)
    0x00000be4   0x000002e0   Code   RO          101    x$fpl$ddiv          fz_ts.l(ddiv.o)(fz_ts.l)
    0x00000ec4   0x00000058   Code   RO          105    x$fpl$dflt          fz_ts.l(dflt_noclz.o)(fz_ts.l)
    0x00000f1c   0x00000180   Code   RO          108    x$fpl$dmul          fz_ts.l(dmul.o)(fz_ts.l)
    0x0000109c   0x000000c0   Code   RO          141    x$fpl$dnaninf       fz_ts.l(dnaninf.o)(fz_ts.l)
    0x0000115c   0x00000010   Code   RO          143    x$fpl$dretinf       fz_ts.l(dretinf.o)(fz_ts.l)
    0x0000116c   0x000000c4   Code   RO          110    x$fpl$fadd          fz_ts.l(faddsub_noclz.o)(fz_ts.l)
    0x00001230   0x00000044   Code   RO          116    x$fpl$ffix          fz_ts.l(ffix.o)(fz_ts.l)
    0x00001274   0x00000054   Code   RO          120    x$fpl$ffixu         fz_ts.l(ffixu.o)(fz_ts.l)
    0x000012c8   0x0000005c   Code   RO          125    x$fpl$fflt          fz_ts.l(fflt_noclz.o)(fz_ts.l)
    0x00001324   0x00000100   Code   RO          128    x$fpl$fmul          fz_ts.l(fmul.o)(fz_ts.l)
    0x00001424   0x000000a8   Code   RO          145    x$fpl$fnaninf       fz_ts.l(fnaninf.o)(fz_ts.l)
    0x000014cc   0x00000004   Ven    RO          231    x$fpl$fpinit        fz_ts.l(fpinit.o)(fz_ts.l)
    0x000014d0   0x00000018   Code   RO          231    x$fpl$fpinit        fz_ts.l(fpinit.o)(fz_ts.l)
    0x000014e8   0x00000010   Code   RO          147    x$fpl$fretinf       fz_ts.l(fretinf.o)(fz_ts.l)
    0x000014f8   0x00000014   Code   RO          111    x$fpl$frsb          fz_ts.l(faddsub_noclz.o)(fz_ts.l)
    0x0000150c   0x00000130   Code   RO          112    x$fpl$fsub          fz_ts.l(faddsub_noclz.o)(fz_ts.l)
    0x0000163c   0x00000000   Code   RO          149    x$fpl$usenofp       fz_ts.l(usenofp.o)(fz_ts.l)
    0x0000163c   0x00000028   Data   RO           56    .constdata          c_t.l(_printf_hex_int.o)(c_t.l)
    0x00001664   0x00000020   Data   RO          312    Region$$Table       anon$$obj.o


    Execution Region RW_IRAM1 (Base: 0x40000000, Size: 0x000004f8, Max: 0x00004000, ABSOLUTE)

    Base Addr    Size         Type   Attr      Idx    E Section Name        Object

    0x40000000   0x0000000c   Data   RW           12    .data               main.o
    0x4000000c   0x00000060   Zero   RW          186    .bss                c_t.l(libspace.o)(c_t.l)
    0x4000006c   0x00000004   PAD
    0x40000070   0x00000000   Zero   RW            2    HEAP                startup.o
    0x40000070   0x00000488   Zero   RW            1    STACK               startup.o


==============================================================================

Image component sizes


      Code (inc. data)   RO Data    RW Data    ZI Data      Debug   Object Name

      1484        104          0         12          0          0   main.o
       304         60          0          0       1160          0   startup.o

    ----------------------------------------------------------------------
      1788        164         32         12       1160          0   Object Totals
         0          0         32          0          0          0   (incl. Generated)
         0          0          0          0          0          2   (incl. Padding)

    ----------------------------------------------------------------------

      Code (inc. data)   RO Data    RW Data    ZI Data      Debug   Library Member Name

         8          0          0          0          0          0   __main.o
       124          0          0          0          0          0   __printf.o
        60          8          0          0          0          0   __scatter.o
        40          0          0          0          0          0   __scatter_copy.o
        44          0          0          0          0          0   __scatter_zi.o
        48          4          0          0          0          0   _printf_char_common.o
         8          0          0          0          0          0   _printf_d.o
       120         18          0          0          0          0   _printf_dec.o
       100          4         40          0          0          0   _printf_hex_int.o
       182          0          0          0          0          0   _printf_intcommon.o
         4          0          0          0          0          0   _printf_percent.o
         8          0          0          0          0          0   _printf_percent_end.o
         8          0          0          0          0          0   _printf_x.o
        10          0          0          0          0          0   _sputc.o
        12          0          0          0          0          0   exit.o
         6          0          0          0          0          0   heapauxi.o
        14          0          0          0          0          0   libinit.o
        12          0          0          0          0          0   libinit2.o
        12          0          0          0          0          0   libshutdown.o
         6          0          0          0          0          0   libshutdown2.o
        12          4          0          0         96          0   libspace.o
        48          4          0          0          0          0   noretval__2sprintf.o
        16          4          0          0          0          0   rt_fp_status_addr_intlibspace.o
         0          0          0          0          0          0   rtentry.o
        44          4          0          0          0          0   rtentry2.o
         8          0          0          0          0          0   rtentry4.o
         8          0          0          0          0          0   rtexit.o
        12          0          0          0          0          0   rtexit2.o
        48          0          0          0          0          0   rtudiv10.o
        20          4          0          0          0          0   sys_exit.o
        96          0          0          0          0          0   sys_stackheap_outer.o
         4          0          0          0          0          0   use_no_semi.o
       108          4          0          0          0          0   d2f.o
       736        140          0          0          0          0   ddiv.o
        88          0          0          0          0          0   dflt_noclz.o
       384         16          0          0          0          0   dmul.o
       192          0          0          0          0          0   dnaninf.o
        16          0          0          0          0          0   dretinf.o
       520          8          0          0          0          0   faddsub_noclz.o
        68          4          0          0          0          0   ffix.o
        84          4          0          0          0          0   ffixu.o
        92          0          0          0          0          0   fflt_noclz.o
       256          4          0          0          0          0   fmul.o
       168          0          0          0          0          0   fnaninf.o
        28          0          0          0          0          0   fpinit.o
        16          0          0          0          0          0   fretinf.o
         0          0          0          0          0          0   usenofp.o

    ----------------------------------------------------------------------
      3904        234         40          0        100          0   Library Totals
         6          0          0          0          4          0   (incl. Padding)

    ----------------------------------------------------------------------

      Code (inc. data)   RO Data    RW Data    ZI Data      Debug   Library Name

      1142         54         40          0         96       1392   c_t.l
      2756        180          0          0          0       1496   fz_ts.l

    ----------------------------------------------------------------------
      3904        234         40          0        100          0   Library Totals

    ----------------------------------------------------------------------

==============================================================================


      Code (inc. data)   RO Data    RW Data    ZI Data      Debug   

      5692        398         72         12       1260       7004   Grand Totals
      5692        398         72         12       1260       7004   ELF Image Totals
      5692        398         72         12          0          0   ROM Totals

==============================================================================

    Total RO  Size (Code + RO Data)                 5764 (   5.63kB)
    Total RW  Size (RW Data + ZI Data)              1272 (   1.24kB)
    Total ROM Size (Code + RO Data + RW Data)       5776 (   5.64kB)

==============================================================================

