<html>
<body>
<pre>
<h1>µVision Build Log</h1>
<h2>Project:</h2>
C:\Users\praha\MEGA\ARM\21_HC-SR04_ULTRASONIC_SENSOR\21_HC_SR04_Sensor.uvproj
Project File Date:  10/22/2025

<h2>Output:</h2>
Build target 'Target 1'
linking...
Program Size: Code=8468 RO-data=208 RW-data=8 ZI-data=1256  
FromELF: creating hex file...
"21_HC_SR04_Sensor.axf" - 0 Error(s), 0 Warning(s).
Build target 'Target 1'
compiling main.c...
linking...
Program Size: Code=8468 RO-data=208 RW-data=8 ZI-data=1256  
FromELF: creating hex file...
"21_HC_SR04_Sensor.axf" - 0 Error(s), 0 Warning(s).
Build target 'Target 1'
linking...
Program Size: Code=8468 RO-data=208 RW-data=8 ZI-data=1256  
FromELF: creating hex file...
"21_HC_SR04_Sensor.axf" - 0 Error(s), 0 Warning(s).
Rebuild target 'Target 1'
assembling Startup.s...
compiling HC_SR04.c...
compiling main.c...
linking...
Program Size: Code=8468 RO-data=208 RW-data=8 ZI-data=1256  
FromELF: creating hex file...
"21_HC_SR04_Sensor.axf" - 0 Error(s), 0 Warning(s).
Build target 'Target 1'
compiling HC_SR04.c...
compiling main.c...
linking...
Program Size: Code=8476 RO-data=208 RW-data=8 ZI-data=1256  
FromELF: creating hex file...
"21_HC_SR04_Sensor.axf" - 0 Error(s), 0 Warning(s).
Build target 'Target 1'
linking...
Program Size: Code=8476 RO-data=208 RW-data=8 ZI-data=1256  
FromELF: creating hex file...
"21_HC_SR04_Sensor.axf" - 0 Error(s), 0 Warning(s).
Build target 'Target 1'
compiling main.c...
linking...
Program Size: Code=8460 RO-data=208 RW-data=8 ZI-data=1256  
FromELF: creating hex file...
"21_HC_SR04_Sensor.axf" - 0 Error(s), 0 Warning(s).
Build target 'Target 1'
linking...
Program Size: Code=8460 RO-data=208 RW-data=8 ZI-data=1256  
FromELF: creating hex file...
"21_HC_SR04_Sensor.axf" - 0 Error(s), 0 Warning(s).
Build target 'Target 1'
linking...
Program Size: Code=8460 RO-data=208 RW-data=8 ZI-data=1256  
FromELF: creating hex file...
"21_HC_SR04_Sensor.axf" - 0 Error(s), 0 Warning(s).
Build target 'Target 1'
linking...
Program Size: Code=8460 RO-data=208 RW-data=8 ZI-data=1256  
FromELF: creating hex file...
"21_HC_SR04_Sensor.axf" - 0 Error(s), 0 Warning(s).
Build target 'Target 1'
compiling main.c...
linking...
Program Size: Code=8464 RO-data=208 RW-data=8 ZI-data=1256  
FromELF: creating hex file...
"21_HC_SR04_Sensor.axf" - 0 Error(s), 0 Warning(s).
Build target 'Target 1'
compiling main.c...
linking...
Program Size: Code=8464 RO-data=208 RW-data=8 ZI-data=1256  
FromELF: creating hex file...
"21_HC_SR04_Sensor.axf" - 0 Error(s), 0 Warning(s).
Build target 'Target 1'
compiling main.c...
main.c(18): error:  #65: expected a ";"
Target not created
Build target 'Target 1'
compiling main.c...
linking...
Program Size: Code=8484 RO-data=208 RW-data=8 ZI-data=1256  
FromELF: creating hex file...
"21_HC_SR04_Sensor.axf" - 0 Error(s), 0 Warning(s).
Build target 'Target 1'
compiling HC_SR04.c...
HC_SR04.c(12): warning:  #223-D: function "delay_micro" declared implicitly
linking...
Program Size: Code=8440 RO-data=208 RW-data=8 ZI-data=1256  
FromELF: creating hex file...
"21_HC_SR04_Sensor.axf" - 0 Error(s), 1 Warning(s).
Build target 'Target 1'
linking...
Program Size: Code=8440 RO-data=208 RW-data=8 ZI-data=1256  
FromELF: creating hex file...
"21_HC_SR04_Sensor.axf" - 0 Error(s), 0 Warning(s).
Build target 'Target 1'
linking...
Program Size: Code=8440 RO-data=208 RW-data=8 ZI-data=1256  
FromELF: creating hex file...
"21_HC_SR04_Sensor.axf" - 0 Error(s), 0 Warning(s).
Build target 'Target 1'
linking...
Program Size: Code=8440 RO-data=208 RW-data=8 ZI-data=1256  
FromELF: creating hex file...
"21_HC_SR04_Sensor.axf" - 0 Error(s), 0 Warning(s).
Build target 'Target 1'
compiling HC_SR04.c...
HC_SR04.c(12): warning:  #223-D: function "delay_micro" declared implicitly
compiling main.c...
UART.h(72): error:  #247: function "UART0_Float" has already been defined
Target not created
Build target 'Target 1'
compiling main.c...
UART.h(72): error:  #247: function "UART0_Float" has already been defined
Target not created
Build target 'Target 1'
compiling main.c...
UART.h(72): error:  #247: function "UART0_Float" has already been defined
Target not created
Build target 'Target 1'
compiling main.c...
UART.h(72): error:  #247: function "UART0_Float" has already been defined
Target not created
Build target 'Target 1'
compiling main.c...
UART.h(72): error:  #247: function "UART0_Float" has already been defined
Target not created
Build target 'Target 1'
compiling main.c...
UART.h(72): error:  #247: function "UART0_Float" has already been defined
Target not created
Build target 'Target 1'
compiling main.c...
linking...
Program Size: Code=4984 RO-data=32 RW-data=8 ZI-data=1256  
FromELF: creating hex file...
"21_HC_SR04_Sensor.axf" - 0 Error(s), 0 Warning(s).
Build target 'Target 1'
compiling main.c...
linking...
Program Size: Code=4984 RO-data=32 RW-data=8 ZI-data=1256  
FromELF: creating hex file...
"21_HC_SR04_Sensor.axf" - 0 Error(s), 0 Warning(s).
Build target 'Target 1'
compiling main.c...
main.c(30): error:  #20: identifier "TRIG" is undefined
main.c(34): error:  #20: identifier "ECHO" is undefined
main.c(41): error:  #140: too many arguments in function call
Target not created
Build target 'Target 1'
compiling main.c...
main.c(30): error:  #20: identifier "TRIG" is undefined
main.c(34): error:  #20: identifier "ECHO" is undefined
main.c(41): error:  #140: too many arguments in function call
Target not created
Build target 'Target 1'
compiling main.c...
main.c(42): error:  #140: too many arguments in function call
Target not created
Build target 'Target 1'
compiling main.c...
main.c(42): error:  #140: too many arguments in function call
Target not created
Build target 'Target 1'
compiling main.c...
main.c(42): error:  #140: too many arguments in function call
Target not created
Build target 'Target 1'
compiling main.c...
linking...
Program Size: Code=4868 RO-data=16 RW-data=0 ZI-data=1256  
FromELF: creating hex file...
"21_HC_SR04_Sensor.axf" - 0 Error(s), 0 Warning(s).
Build target 'Target 1'
compiling main.c...
linking...
Program Size: Code=4920 RO-data=16 RW-data=0 ZI-data=1256  
FromELF: creating hex file...
"21_HC_SR04_Sensor.axf" - 0 Error(s), 0 Warning(s).
Rebuild target 'Target 1'
assembling Startup.s...
compiling HC_SR04.c...
HC_SR04.c(12): warning:  #223-D: function "delay_micro" declared implicitly
compiling main.c...
linking...
Program Size: Code=4920 RO-data=16 RW-data=0 ZI-data=1256  
FromELF: creating hex file...
"21_HC_SR04_Sensor.axf" - 0 Error(s), 1 Warning(s).
Rebuild target 'Target 1'
assembling Startup.s...
compiling HC_SR04.c...
HC_SR04.c(12): warning:  #223-D: function "delay_micro" declared implicitly
compiling main.c...
linking...
Program Size: Code=4920 RO-data=16 RW-data=0 ZI-data=1256  
FromELF: creating hex file...
"21_HC_SR04_Sensor.axf" - 0 Error(s), 1 Warning(s).
Build target 'Target 1'
compiling main.c...
linking...
Program Size: Code=4920 RO-data=16 RW-data=0 ZI-data=1256  
FromELF: creating hex file...
"21_HC_SR04_Sensor.axf" - 0 Error(s), 0 Warning(s).
Build target 'Target 1'
linking...
Program Size: Code=4920 RO-data=16 RW-data=0 ZI-data=1256  
FromELF: creating hex file...
"21_HC_SR04_Sensor.axf" - 0 Error(s), 0 Warning(s).
Rebuild target 'Target 1'
assembling Startup.s...
compiling HC_SR04.c...
HC_SR04.c(12): warning:  #223-D: function "delay_micro" declared implicitly
compiling main.c...
linking...
Program Size: Code=4968 RO-data=16 RW-data=0 ZI-data=1256  
FromELF: creating hex file...
"21_HC_SR04_Sensor.axf" - 0 Error(s), 1 Warning(s).
Rebuild target 'Target 1'
assembling Startup.s...
compiling HC_SR04.c...
HC_SR04.c(12): warning:  #223-D: function "delay_micro" declared implicitly
compiling main.c...
linking...
Program Size: Code=4968 RO-data=16 RW-data=0 ZI-data=1256  
FromELF: creating hex file...
"21_HC_SR04_Sensor.axf" - 0 Error(s), 1 Warning(s).
Build target 'Target 1'
linking...
Program Size: Code=4968 RO-data=16 RW-data=0 ZI-data=1256  
FromELF: creating hex file...
"21_HC_SR04_Sensor.axf" - 0 Error(s), 0 Warning(s).
Build target 'Target 1'
linking...
Program Size: Code=4968 RO-data=16 RW-data=0 ZI-data=1256  
FromELF: creating hex file...
"21_HC_SR04_Sensor.axf" - 0 Error(s), 0 Warning(s).
Build target 'Target 1'
compiling main.c...
linking...
Program Size: Code=4968 RO-data=16 RW-data=0 ZI-data=1256  
FromELF: creating hex file...
"21_HC_SR04_Sensor.axf" - 0 Error(s), 0 Warning(s).
Rebuild target 'Target 1'
assembling Startup.s...
compiling HC_SR04.c...
HC_SR04.c(12): warning:  #223-D: function "delay_micro" declared implicitly
compiling main.c...
linking...
Program Size: Code=4968 RO-data=16 RW-data=0 ZI-data=1256  
FromELF: creating hex file...
"21_HC_SR04_Sensor.axf" - 0 Error(s), 1 Warning(s).
Build target 'Target 1'
linking...
Program Size: Code=4968 RO-data=16 RW-data=0 ZI-data=1256  
FromELF: creating hex file...
"21_HC_SR04_Sensor.axf" - 0 Error(s), 0 Warning(s).
